Archive member included to satisfy reference by file (symbol)

/home/toolchain/gcc-arm-none-eabi-8-2019-q3-update/bin/../lib/gcc/arm-none-eabi/8.3.1/../../../../arm-none-eabi/lib/thumb/v7-m/nofp/libg.a(lib_a-memcpy.o)
                              ./src/main.o (memcpy)
/home/toolchain/gcc-arm-none-eabi-8-2019-q3-update/bin/../lib/gcc/arm-none-eabi/8.3.1/../../../../arm-none-eabi/lib/thumb/v7-m/nofp/libg.a(lib_a-memset.o)
                              ./libopencm3/lib/usb/usb_msc.o (memset)
/home/toolchain/gcc-arm-none-eabi-8-2019-q3-update/bin/../lib/gcc/arm-none-eabi/8.3.1/../../../../arm-none-eabi/lib/thumb/v7-m/nofp/libg.a(lib_a-strcat.o)
                              ./src/main.o (strcat)
/home/toolchain/gcc-arm-none-eabi-8-2019-q3-update/bin/../lib/gcc/arm-none-eabi/8.3.1/../../../../arm-none-eabi/lib/thumb/v7-m/nofp/libg.a(lib_a-strcpy.o)
                              /home/toolchain/gcc-arm-none-eabi-8-2019-q3-update/bin/../lib/gcc/arm-none-eabi/8.3.1/../../../../arm-none-eabi/lib/thumb/v7-m/nofp/libg.a(lib_a-strcat.o) (strcpy)
/home/toolchain/gcc-arm-none-eabi-8-2019-q3-update/bin/../lib/gcc/arm-none-eabi/8.3.1/../../../../arm-none-eabi/lib/thumb/v7-m/nofp/libg.a(lib_a-strlen-stub.o)
                              ./src/main.o (strlen)

Allocating common symbols
Common symbol       size              file

RxBD                0x4               ./libopencm3/lib/ethernet/mac_stm32fxx7.o
prog                0x40c             ./src/main.o
serial_str          0x1e              ./src/main.o
usbd_control_buffer
                    0x400             ./src/main.o
st_usbfs_force_nak  0x8               ./libopencm3/lib/stm32/common/st_usbfs_core.o
dfuse_str           0x3c              ./src/main.o
st_usbfs_dev        0x104             ./libopencm3/lib/stm32/common/st_usbfs_core.o
TxBD                0x4               ./libopencm3/lib/ethernet/mac_stm32fxx7.o

Discarded input sections

 .group         0x0000000000000000        0xc ./src/main.o
 .group         0x0000000000000000        0xc ./src/main.o
 .group         0x0000000000000000        0xc ./src/main.o
 .group         0x0000000000000000        0xc ./src/main.o
 .group         0x0000000000000000        0xc ./src/main.o
 .group         0x0000000000000000        0xc ./src/main.o
 .group         0x0000000000000000        0xc ./src/main.o
 .group         0x0000000000000000        0xc ./src/main.o
 .group         0x0000000000000000        0xc ./src/main.o
 .group         0x0000000000000000        0xc ./src/main.o
 .group         0x0000000000000000        0xc ./src/main.o
 .group         0x0000000000000000        0xc ./src/main.o
 .group         0x0000000000000000        0xc ./src/main.o
 .group         0x0000000000000000        0xc ./src/main.o
 .group         0x0000000000000000        0xc ./src/main.o
 .group         0x0000000000000000        0xc ./src/main.o
 .group         0x0000000000000000        0xc ./src/main.o
 .group         0x0000000000000000        0xc ./src/main.o
 .group         0x0000000000000000        0xc ./src/main.o
 .group         0x0000000000000000        0xc ./src/main.o
 .group         0x0000000000000000        0xc ./src/main.o
 .group         0x0000000000000000        0xc ./src/main.o
 .group         0x0000000000000000        0xc ./src/main.o
 .group         0x0000000000000000        0xc ./src/main.o
 .group         0x0000000000000000        0xc ./src/main.o
 .group         0x0000000000000000        0xc ./src/main.o
 .group         0x0000000000000000        0xc ./src/main.o
 .group         0x0000000000000000        0xc ./src/main.o
 .group         0x0000000000000000        0xc ./src/main.o
 .group         0x0000000000000000        0xc ./src/main.o
 .group         0x0000000000000000        0xc ./src/main.o
 .group         0x0000000000000000        0xc ./src/main.o
 .group         0x0000000000000000        0xc ./src/main.o
 .group         0x0000000000000000        0xc ./src/main.o
 .group         0x0000000000000000        0xc ./src/main.o
 .group         0x0000000000000000        0xc ./src/main.o
 .group         0x0000000000000000        0xc ./src/main.o
 .group         0x0000000000000000        0xc ./src/main.o
 .group         0x0000000000000000        0xc ./src/main.o
 .text          0x0000000000000000        0x0 ./src/main.o
 .data          0x0000000000000000        0x0 ./src/main.o
 .bss           0x0000000000000000        0x0 ./src/main.o
 .data.rel.ro.diff
                0x0000000000000000        0x4 ./src/main.o
 .group         0x0000000000000000        0xc ./libopencm3/lib/usb/usb.o
 .group         0x0000000000000000        0xc ./libopencm3/lib/usb/usb.o
 .group         0x0000000000000000        0xc ./libopencm3/lib/usb/usb.o
 .group         0x0000000000000000        0xc ./libopencm3/lib/usb/usb.o
 .group         0x0000000000000000        0xc ./libopencm3/lib/usb/usb.o
 .group         0x0000000000000000        0xc ./libopencm3/lib/usb/usb.o
 .group         0x0000000000000000        0xc ./libopencm3/lib/usb/usb.o
[...]
Memory Configuration

Name             Origin             Length             Attributes
RAM              0x0000000020000000 0x0000000000005000 xrw
CCMRAM           0x0000000000000000 0x0000000000000000 xrw
FLASH            0x0000000008000000 0x0000000000020000 xr
FLASHB1          0x0000000000000000 0x0000000000000000 xr
EXTMEMB0         0x0000000000000000 0x0000000000000000 xr
EXTMEMB1         0x0000000000000000 0x0000000000000000 xr
EXTMEMB2         0x0000000000000000 0x0000000000000000 xr
EXTMEMB3         0x0000000000000000 0x0000000000000000 xr
MEMORY_ARRAY     0x0000000000000000 0x0000000000000000 xrw
*default*        0x0000000000000000 0xffffffffffffffff

Linker script and memory map

LOAD ./src/main.o
LOAD ./libopencm3/lib/usb/usb.o
LOAD ./libopencm3/lib/usb/usb_audio.o
LOAD ./libopencm3/lib/usb/usb_cdc.o
LOAD ./libopencm3/lib/usb/usb_control.o
LOAD ./libopencm3/lib/usb/usb_dwc_common.o
LOAD ./libopencm3/lib/usb/usb_f107.o
LOAD ./libopencm3/lib/usb/usb_hid.o
LOAD ./libopencm3/lib/usb/usb_midi.o
LOAD ./libopencm3/lib/usb/usb_msc.o
LOAD ./libopencm3/lib/usb/usb_standard.o
LOAD ./libopencm3/lib/stm32/f1/adc.o
LOAD ./libopencm3/lib/stm32/f1/flash.o
LOAD ./libopencm3/lib/stm32/f1/gpio.o
LOAD ./libopencm3/lib/stm32/f1/i2c.o
LOAD ./libopencm3/lib/stm32/f1/rcc.o
LOAD ./libopencm3/lib/stm32/f1/rtc.o
LOAD ./libopencm3/lib/stm32/f1/timer.o
LOAD ./libopencm3/lib/stm32/common/adc_common_v1.o
LOAD ./libopencm3/lib/stm32/common/crc_common_all.o
LOAD ./libopencm3/lib/stm32/common/dac_common_all.o
LOAD ./libopencm3/lib/stm32/common/dac_common_v1.o
LOAD ./libopencm3/lib/stm32/common/desig_common_all.o
LOAD ./libopencm3/lib/stm32/common/desig_common_v1.o
LOAD ./libopencm3/lib/stm32/common/dma_common_l1f013.o
LOAD ./libopencm3/lib/stm32/common/exti_common_all.o
LOAD ./libopencm3/lib/stm32/common/flash_common_all.o
LOAD ./libopencm3/lib/stm32/common/flash_common_f.o
LOAD ./libopencm3/lib/stm32/common/flash_common_f01.o
LOAD ./libopencm3/lib/stm32/common/flash_common_idcache.o
LOAD ./libopencm3/lib/stm32/common/gpio_common_all.o
LOAD ./libopencm3/lib/stm32/common/i2c_common_v1.o
LOAD ./libopencm3/lib/stm32/common/iwdg_common_all.o
LOAD ./libopencm3/lib/stm32/common/pwr_common_v1.o
LOAD ./libopencm3/lib/stm32/common/rcc_common_all.o
LOAD ./libopencm3/lib/stm32/common/spi_common_all.o
LOAD ./libopencm3/lib/stm32/common/spi_common_v1.o
LOAD ./libopencm3/lib/stm32/common/st_usbfs_core.o
LOAD ./libopencm3/lib/stm32/common/timer_common_all.o
LOAD ./libopencm3/lib/stm32/common/usart_common_all.o
LOAD ./libopencm3/lib/stm32/can.o
LOAD ./libopencm3/lib/stm32/st_usbfs_v1.o
LOAD ./libopencm3/lib/ethernet/mac.o
LOAD ./libopencm3/lib/ethernet/mac_stm32fxx7.o
LOAD ./libopencm3/lib/ethernet/phy.o
LOAD ./libopencm3/lib/ethernet/phy_ksz80x1.o
LOAD ./libopencm3/lib/dispatch/vector_chipset.o
LOAD ./libopencm3/lib/cm3/assert.o
LOAD ./libopencm3/lib/cm3/dwt.o
LOAD ./libopencm3/lib/cm3/nvic.o
LOAD ./libopencm3/lib/cm3/scb.o
LOAD ./libopencm3/lib/cm3/sync.o
LOAD ./libopencm3/lib/cm3/systick.o
LOAD ./libopencm3/lib/cm3/vector.o
START GROUP
LOAD /home/toolchain/gcc-arm-none-eabi-8-2019-q3-update/bin/../lib/gcc/arm-none-eabi/8.3.1/thumb/v7-m/nofp/libgcc.a
LOAD /home/toolchain/gcc-arm-none-eabi-8-2019-q3-update/bin/../lib/gcc/arm-none-eabi/8.3.1/../../../../arm-none-eabi/lib/thumb/v7-m/nofp/libg.a
LOAD /home/toolchain/gcc-arm-none-eabi-8-2019-q3-update/bin/../lib/gcc/arm-none-eabi/8.3.1/../../../../arm-none-eabi/lib/thumb/v7-m/nofp/libc.a
END GROUP
                0x0000000020005000                __stack = (ORIGIN (RAM) + LENGTH (RAM))
                0x0000000020005000                _estack = __stack
                0x0000000020005000                _stack = (ORIGIN (RAM) + LENGTH (RAM))
                0x0000000000000800                __Main_Stack_Size = 0x800
                [!provide]                        PROVIDE (_Main_Stack_Size = __Main_Stack_Size)
                0x0000000020004800                __Main_Stack_Limit = (__stack - __Main_Stack_Size)
                [!provide]                        PROVIDE (_Main_Stack_Limit = __Main_Stack_Limit)
                0x0000000000000100                _Minimum_Stack_Size = 0x100
                [!provide]                        PROVIDE (_Heap_Begin = _end_noinit)
                [!provide]                        PROVIDE (_Heap_Limit = (__stack - __Main_Stack_Size))

.vectors        0x0000000008000000      0x150
 FILL mask 0xff
                0x0000000008000000                __vectors_start = ABSOLUTE (.)
                0x0000000008000000                __vectors_start__ = ABSOLUTE (.)
 *(.vectors)
 .vectors       0x0000000008000000      0x150 ./libopencm3/lib/cm3/vector.o
                0x0000000008000000                vector_table
 *(.cfmconfig)
 *(.after_vectors .after_vectors.*)

.inits          0x0000000008000150       0x28
                0x0000000008000150                __data_regions_array_start = .
                0x0000000008000150        0x4 LONG 0x80036bc LOADADDR (.data)
                0x0000000008000154        0x4 LONG 0x20000000 ADDR (.data)
                0x0000000008000158        0x4 LONG 0x20000048 (ADDR (.data) + SIZEOF (.data))
                0x000000000800015c        0x4 LONG 0x80036bc LOADADDR (.data_CCMRAM)
                0x0000000008000160        0x4 LONG 0x0 ADDR (.data_CCMRAM)
                0x0000000008000164        0x4 LONG 0x0 (ADDR (.data_CCMRAM) + SIZEOF (.data_CCMRAM))
                0x0000000008000168                __data_regions_array_end = .
                0x0000000008000168                __bss_regions_array_start = .
                0x0000000008000168        0x4 LONG 0x200000e4 ADDR (.bss)
                0x000000000800016c        0x4 LONG 0x20000a9c (ADDR (.bss) + SIZEOF (.bss))
                0x0000000008000170        0x4 LONG 0x0 ADDR (.bss_CCMRAM)
                0x0000000008000174        0x4 LONG 0x0 (ADDR (.bss_CCMRAM) + SIZEOF (.bss_CCMRAM))
                0x0000000008000178                __bss_regions_array_end = .
 *(.init)
 *(.fini)
                0x0000000008000178                . = ALIGN (0x4)
                0x0000000008000178                PROVIDE (__preinit_array_start = .)
 *(.preinit_array_sysinit .preinit_array_sysinit.*)
 *(.preinit_array_platform .preinit_array_platform.*)
 *(.preinit_array .preinit_array.*)
                0x0000000008000178                PROVIDE (__preinit_array_end = .)
                0x0000000008000178                . = ALIGN (0x4)
                0x0000000008000178                PROVIDE (__init_array_start = .)
 *(SORT_BY_NAME(.init_array.*))
 *(.init_array)
                0x0000000008000178                PROVIDE (__init_array_end = .)
                0x0000000008000178                . = ALIGN (0x4)
                0x0000000008000178                PROVIDE (__fini_array_start = .)
 *(SORT_BY_NAME(.fini_array.*))
 *(.fini_array)
                0x0000000008000178                PROVIDE (__fini_array_end = .)

.flashtext
 *(.flashtext .flashtext.*)

.text           0x0000000008000178     0x2eec
 *(.text .text.usb_* .text.usbd_* .text.st_usbfs_*)
 .text.st_usbfs_v1_usbd_init_xx
                0x0000000008000178       0x40 ./src/main.o
                0x0000000008000178                st_usbfs_v1_usbd_init_xx
 .text.usbd_init
                0x00000000080001b8       0xa4 ./libopencm3/lib/usb/usb.o
                0x00000000080001b8                usbd_init
 .text.usbd_register_reset_callback
                0x000000000800025c       0x1a ./libopencm3/lib/usb/usb.o
                0x000000000800025c                usbd_register_reset_callback
 .text.usbd_poll
                0x0000000008000276       0x1c ./libopencm3/lib/usb/usb.o
                0x0000000008000276                usbd_poll
 .text.usbd_ep_setup
                0x0000000008000292       0x3a ./libopencm3/lib/usb/usb.o
                0x0000000008000292                usbd_ep_setup
 .text.usbd_ep_write_packet
                0x00000000080002cc       0x30 ./libopencm3/lib/usb/usb.o
                0x00000000080002cc                usbd_ep_write_packet
 .text.usbd_ep_read_packet
                0x00000000080002fc       0x30 ./libopencm3/lib/usb/usb.o
                0x00000000080002fc                usbd_ep_read_packet
 .text.usbd_ep_stall_set
                0x000000000800032c       0x28 ./libopencm3/lib/usb/usb.o
                0x000000000800032c                usbd_ep_stall_set
 .text.usbd_ep_stall_get
                0x0000000008000354       0x26 ./libopencm3/lib/usb/usb.o
                0x0000000008000354                usbd_ep_stall_get
 .text.usbd_ep_nak_set
                0x000000000800037a       0x28 ./libopencm3/lib/usb/usb.o
                0x000000000800037a                usbd_ep_nak_set
 .text.usbd_register_control_callback
                0x00000000080003a2       0x6e ./libopencm3/lib/usb/usb_control.o
                0x00000000080003a2                usbd_register_control_callback
 .text.usb_control_send_chunk
                0x0000000008000410       0x9c ./libopencm3/lib/usb/usb_control.o
 .text.usb_control_recv_chunk
                0x00000000080004ac       0x66 ./libopencm3/lib/usb/usb_control.o
 .text.usb_control_request_dispatch
                0x0000000008000512       0xae ./libopencm3/lib/usb/usb_control.o
 .text.usb_control_setup_read
                0x00000000080005c0       0x80 ./libopencm3/lib/usb/usb_control.o
 .text.usb_control_setup_write
                0x0000000008000640       0x62 ./libopencm3/lib/usb/usb_control.o
 .text.usbd_register_set_config_callback
                0x00000000080006a2       0x5e ./libopencm3/lib/usb/usb_standard.o
                0x00000000080006a2                usbd_register_set_config_callback
 .text.usb_descriptor_type
                0x0000000008000700       0x1a ./libopencm3/lib/usb/usb_standard.o
 .text.usb_descriptor_index
                0x000000000800071a       0x18 ./libopencm3/lib/usb/usb_standard.o
 .text.usb_standard_get_descriptor
                0x0000000008000732      0x1f4 ./libopencm3/lib/usb/usb_standard.o
 .text.usb_standard_set_address
                0x0000000008000926       0x5e ./libopencm3/lib/usb/usb_standard.o
 .text.usb_standard_set_configuration
                0x0000000008000984      0x146 ./libopencm3/lib/usb/usb_standard.o
 .text.usb_standard_get_configuration
                0x0000000008000aca       0x5e ./libopencm3/lib/usb/usb_standard.o
 .text.usb_standard_set_interface
                0x0000000008000b28       0xb8 ./libopencm3/lib/usb/usb_standard.o
 .text.usb_standard_get_interface
                0x0000000008000be0       0x76 ./libopencm3/lib/usb/usb_standard.o
 .text.usb_standard_device_get_status
                0x0000000008000c56       0x3a ./libopencm3/lib/usb/usb_standard.o
 .text.usb_standard_interface_get_status
                0x0000000008000c90       0x3a ./libopencm3/lib/usb/usb_standard.o
 .text.usb_standard_endpoint_get_status
                0x0000000008000cca       0x52 ./libopencm3/lib/usb/usb_standard.o
 .text.usb_standard_endpoint_stall
                0x0000000008000d1c       0x2a ./libopencm3/lib/usb/usb_standard.o
 .text.usb_standard_endpoint_unstall
                0x0000000008000d46       0x2a ./libopencm3/lib/usb/usb_standard.o
 .text.st_usbfs_set_address
                0x0000000008000d70       0x28 ./libopencm3/lib/stm32/common/st_usbfs_core.o
                0x0000000008000d70                st_usbfs_set_address
 .text.st_usbfs_set_ep_rx_bufsize
                0x0000000008000d98       0x7c ./libopencm3/lib/stm32/common/st_usbfs_core.o
                0x0000000008000d98                st_usbfs_set_ep_rx_bufsize
 .text.st_usbfs_ep_setup
                0x0000000008000e14      0x224 ./libopencm3/lib/stm32/common/st_usbfs_core.o
                0x0000000008000e14                st_usbfs_ep_setup
 .text.st_usbfs_endpoints_reset
                0x0000000008001038       0x98 ./libopencm3/lib/stm32/common/st_usbfs_core.o
                0x0000000008001038                st_usbfs_endpoints_reset
 .text.st_usbfs_ep_stall_set
                0x00000000080010d0      0x158 ./libopencm3/lib/stm32/common/st_usbfs_core.o
                0x00000000080010d0                st_usbfs_ep_stall_set
 .text.st_usbfs_ep_stall_get
                0x0000000008001228       0x5a ./libopencm3/lib/stm32/common/st_usbfs_core.o
                0x0000000008001228                st_usbfs_ep_stall_get
 *fill*         0x0000000008001282        0x2 
 .text.st_usbfs_ep_nak_set
                0x0000000008001284       0xac ./libopencm3/lib/stm32/common/st_usbfs_core.o
                0x0000000008001284                st_usbfs_ep_nak_set
 .text.st_usbfs_ep_write_packet
                0x0000000008001330       0xd0 ./libopencm3/lib/stm32/common/st_usbfs_core.o
                0x0000000008001330                st_usbfs_ep_write_packet
 .text.st_usbfs_ep_read_packet
                0x0000000008001400      0x13c ./libopencm3/lib/stm32/common/st_usbfs_core.o
                0x0000000008001400                st_usbfs_ep_read_packet
 .text.st_usbfs_poll
                0x000000000800153c      0x1a8 ./libopencm3/lib/stm32/common/st_usbfs_core.o
                0x000000000800153c                st_usbfs_poll
 .text.st_usbfs_copy_to_pm
                0x00000000080016e4       0x48 ./libopencm3/lib/stm32/st_usbfs_v1.o
                0x00000000080016e4                st_usbfs_copy_to_pm
 .text.st_usbfs_copy_from_pm
                0x000000000800172c       0x62 ./libopencm3/lib/stm32/st_usbfs_v1.o
                0x000000000800172c                st_usbfs_copy_from_pm
 *fill*         0x000000000800178e        0x2 
 .text          0x0000000008001790       0xec /home/toolchain/gcc-arm-none-eabi-8-2019-q3-update/bin/../lib/gcc/arm-none-eabi/8.3.1/../../../../arm-none-eabi/lib/thumb/v7-m/nofp/libg.a(lib_a-memcpy.o)
                0x0000000008001790                memcpy
 *(.text.*)
 .text.usbdfu_getstatus
                0x000000000800187c       0x50 ./src/main.o
 .text.usbdfu_getstatus_complete
                0x00000000080018cc      0x184 ./src/main.o
 .text.usbdfu_usb_reset
                0x0000000008001a50        0x8 ./src/main.o
 .text.usbdfu_standard_request
                0x0000000008001a58       0x28 ./src/main.o
 .text.usbdfu_control_request
                0x0000000008001a80      0x170 ./src/main.o
 .text.usbdfu_set_config
                0x0000000008001bf0       0x38 ./src/main.o
 .text.num2str  0x0000000008001c28       0x94 ./src/main.o
                0x0000000008001c28                num2str
 .text.nibble2str
                0x0000000008001cbc       0x36 ./src/main.o
                0x0000000008001cbc                nibble2str
 *fill*         0x0000000008001cf2        0x2 
 .text.gen_serial
                0x0000000008001cf4       0x6c ./src/main.o
                0x0000000008001cf4                gen_serial
 .text._usbd_reset
                0x0000000008001d60       0x50 ./libopencm3/lib/usb/usb.o
                0x0000000008001d60                _usbd_reset
 .text.stall_transaction
                0x0000000008001db0       0x22 ./libopencm3/lib/usb/usb_control.o
 .text.needs_zlp
                0x0000000008001dd2       0x42 ./libopencm3/lib/usb/usb_control.o
 .text._usbd_control_setup
                0x0000000008001e14       0x5a ./libopencm3/lib/usb/usb_control.o
                0x0000000008001e14                _usbd_control_setup
 .text._usbd_control_out
                0x0000000008001e6e       0xd2 ./libopencm3/lib/usb/usb_control.o
                0x0000000008001e6e                _usbd_control_out
 .text._usbd_control_in
                0x0000000008001f40       0x94 ./libopencm3/lib/usb/usb_control.o
                0x0000000008001f40                _usbd_control_in
 .text.build_config_descriptor
                0x0000000008001fd4      0x29a ./libopencm3/lib/usb/usb_standard.o
 *fill*         0x000000000800226e        0x2 
 .text._usbd_standard_request_device
                0x0000000008002270       0xb4 ./libopencm3/lib/usb/usb_standard.o
                0x0000000008002270                _usbd_standard_request_device
 .text._usbd_standard_request_interface
                0x0000000008002324       0x98 ./libopencm3/lib/usb/usb_standard.o
                0x0000000008002324                _usbd_standard_request_interface
 .text._usbd_standard_request_endpoint
                0x00000000080023bc       0xb8 ./libopencm3/lib/usb/usb_standard.o
                0x00000000080023bc                _usbd_standard_request_endpoint
 .text._usbd_standard_request
                0x0000000008002474       0x6c ./libopencm3/lib/usb/usb_standard.o
                0x0000000008002474                _usbd_standard_request
 .text.flash_get_status_flags
                0x00000000080024e0       0x3c ./libopencm3/lib/stm32/f1/flash.o
                0x00000000080024e0                flash_get_status_flags
 .text.flash_program_half_word
                0x000000000800251c       0x8c ./libopencm3/lib/stm32/f1/flash.o
                0x000000000800251c                flash_program_half_word
 .text.flash_erase_page
                0x00000000080025a8       0xac ./libopencm3/lib/stm32/f1/flash.o
                0x00000000080025a8                flash_erase_page
 .text.gpio_set_mode
                0x0000000008002654       0xec ./libopencm3/lib/stm32/f1/gpio.o
                0x0000000008002654                gpio_set_mode
 .text.rcc_is_osc_ready
                0x0000000008002740       0xdc ./libopencm3/lib/stm32/f1/rcc.o
                0x0000000008002740                rcc_is_osc_ready
 .text.rcc_wait_for_osc_ready
                0x000000000800281c       0x28 ./libopencm3/lib/stm32/f1/rcc.o
                0x000000000800281c                rcc_wait_for_osc_ready
 .text.rcc_osc_on
                0x0000000008002844       0xb0 ./libopencm3/lib/stm32/f1/rcc.o
                0x0000000008002844                rcc_osc_on
 .text.rcc_set_sysclk_source
                0x00000000080028f4       0x28 ./libopencm3/lib/stm32/f1/rcc.o
                0x00000000080028f4                rcc_set_sysclk_source
 .text.rcc_set_pll_multiplication_factor
                0x000000000800291c       0x28 ./libopencm3/lib/stm32/f1/rcc.o
                0x000000000800291c                rcc_set_pll_multiplication_factor
 .text.rcc_set_pll2_multiplication_factor
                0x0000000008002944       0x28 ./libopencm3/lib/stm32/f1/rcc.o
                0x0000000008002944                rcc_set_pll2_multiplication_factor
 .text.rcc_set_pll3_multiplication_factor
                0x000000000800296c       0x28 ./libopencm3/lib/stm32/f1/rcc.o
                0x000000000800296c                rcc_set_pll3_multiplication_factor
 .text.rcc_set_pll_source
                0x0000000008002994       0x28 ./libopencm3/lib/stm32/f1/rcc.o
                0x0000000008002994                rcc_set_pll_source
 .text.rcc_set_pllxtpre
                0x00000000080029bc       0x28 ./libopencm3/lib/stm32/f1/rcc.o
                0x00000000080029bc                rcc_set_pllxtpre
 .text.rcc_set_adcpre
                0x00000000080029e4       0x28 ./libopencm3/lib/stm32/f1/rcc.o
                0x00000000080029e4                rcc_set_adcpre
 .text.rcc_set_ppre2
                0x0000000008002a0c       0x28 ./libopencm3/lib/stm32/f1/rcc.o
                0x0000000008002a0c                rcc_set_ppre2
 .text.rcc_set_ppre1
                0x0000000008002a34       0x28 ./libopencm3/lib/stm32/f1/rcc.o
                0x0000000008002a34                rcc_set_ppre1
 .text.rcc_set_hpre
                0x0000000008002a5c       0x28 ./libopencm3/lib/stm32/f1/rcc.o
                0x0000000008002a5c                rcc_set_hpre
 .text.rcc_set_usbpre
                0x0000000008002a84       0x38 ./libopencm3/lib/stm32/f1/rcc.o
                0x0000000008002a84                rcc_set_usbpre
 .text.rcc_set_prediv1
                0x0000000008002abc       0x28 ./libopencm3/lib/stm32/f1/rcc.o
                0x0000000008002abc                rcc_set_prediv1
 .text.rcc_set_prediv2
                0x0000000008002ae4       0x28 ./libopencm3/lib/stm32/f1/rcc.o
                0x0000000008002ae4                rcc_set_prediv2
 .text.rcc_set_prediv1_source
                0x0000000008002b0c       0x38 ./libopencm3/lib/stm32/f1/rcc.o
                0x0000000008002b0c                rcc_set_prediv1_source
 .text.rcc_clock_setup_pll
                0x0000000008002b44      0x144 ./libopencm3/lib/stm32/f1/rcc.o
                0x0000000008002b44                rcc_clock_setup_pll
 .text.desig_get_flash_size
                0x0000000008002c88       0x18 ./libopencm3/lib/stm32/common/desig_common_v1.o
                0x0000000008002c88                desig_get_flash_size
 .text.flash_set_ws
                0x0000000008002ca0       0x34 ./libopencm3/lib/stm32/common/flash_common_all.o
                0x0000000008002ca0                flash_set_ws
 .text.flash_unlock
                0x0000000008002cd4       0x24 ./libopencm3/lib/stm32/common/flash_common_f.o
                0x0000000008002cd4                flash_unlock
 .text.flash_lock
                0x0000000008002cf8       0x1c ./libopencm3/lib/stm32/common/flash_common_f.o
                0x0000000008002cf8                flash_lock
 .text.flash_wait_for_last_operation
                0x0000000008002d14       0x18 ./libopencm3/lib/stm32/common/flash_common_f01.o
                0x0000000008002d14                flash_wait_for_last_operation
 .text.flash_program_word
                0x0000000008002d2c       0x30 ./libopencm3/lib/stm32/common/flash_common_f01.o
                0x0000000008002d2c                flash_program_word
 .text.gpio_set
                0x0000000008002d5c       0x20 ./libopencm3/lib/stm32/common/gpio_common_all.o
                0x0000000008002d5c                gpio_set
 .text.gpio_clear
                0x0000000008002d7c       0x20 ./libopencm3/lib/stm32/common/gpio_common_all.o
                0x0000000008002d7c                gpio_clear
 .text.rcc_periph_clock_enable
                0x0000000008002d9c       0x48 ./libopencm3/lib/stm32/common/rcc_common_all.o
                0x0000000008002d9c                rcc_periph_clock_enable
 .text.scb_reset_system
                0x0000000008002de4       0x14 ./libopencm3/lib/cm3/scb.o
                0x0000000008002de4                scb_reset_system
 .text.blocking_handler
                0x0000000008002df8        0x6 ./libopencm3/lib/cm3/vector.o
                0x0000000008002df8                usart3_isr
                0x0000000008002df8                rtc_isr
                0x0000000008002df8                tim7_isr
                0x0000000008002df8                adc1_2_isr
                0x0000000008002df8                tim1_trg_com_isr
                0x0000000008002df8                usb_hp_can_tx_isr
                0x0000000008002df8                tim6_isr
                0x0000000008002df8                usb_wakeup_isr
                0x0000000008002df8                blocking_handler
                0x0000000008002df8                tim5_isr
                0x0000000008002df8                otg_fs_isr
                0x0000000008002df8                spi1_isr
                0x0000000008002df8                dma1_channel6_isr
                0x0000000008002df8                exti2_isr
                0x0000000008002df8                can_rx1_isr
                0x0000000008002df8                dma1_channel5_isr
                0x0000000008002df8                dma2_channel5_isr
                0x0000000008002df8                usart1_isr
                0x0000000008002df8                usage_fault_handler
                0x0000000008002df8                tim8_trg_com_isr
                0x0000000008002df8                can2_rx0_isr
                0x0000000008002df8                tim1_brk_isr
                0x0000000008002df8                can2_rx1_isr
                0x0000000008002df8                tim1_cc_isr
                0x0000000008002df8                sdio_isr
                0x0000000008002df8                eth_isr
                0x0000000008002df8                dma1_channel4_isr
                0x0000000008002df8                tim8_brk_isr
                0x0000000008002df8                dma2_channel4_5_isr
                0x0000000008002df8                pvd_isr
                0x0000000008002df8                rcc_isr
                0x0000000008002df8                flash_isr
                0x0000000008002df8                uart4_isr
                0x0000000008002df8                rtc_alarm_isr
                0x0000000008002df8                exti15_10_isr
                0x0000000008002df8                hard_fault_handler
                0x0000000008002df8                exti1_isr
                0x0000000008002df8                i2c1_ev_isr
                0x0000000008002df8                dma2_channel1_isr
                0x0000000008002df8                spi2_isr
                0x0000000008002df8                tim8_up_isr
                0x0000000008002df8                dma2_channel2_isr
                0x0000000008002df8                adc3_isr
                0x0000000008002df8                exti3_isr
                0x0000000008002df8                tim3_isr
                0x0000000008002df8                usart2_isr
                0x0000000008002df8                usb_lp_can_rx0_isr
                0x0000000008002df8                i2c2_er_isr
                0x0000000008002df8                i2c2_ev_isr
                0x0000000008002df8                uart5_isr
                0x0000000008002df8                fsmc_isr
                0x0000000008002df8                dma1_channel1_isr
                0x0000000008002df8                exti4_isr
                0x0000000008002df8                mem_manage_handler
                0x0000000008002df8                can2_tx_isr
                0x0000000008002df8                exti9_5_isr
                0x0000000008002df8                dma2_channel3_isr
                0x0000000008002df8                dma1_channel7_isr
                0x0000000008002df8                tim1_up_isr
                0x0000000008002df8                can2_sce_isr
                0x0000000008002df8                tim4_isr
                0x0000000008002df8                dma1_channel2_isr
                0x0000000008002df8                i2c1_er_isr
                0x0000000008002df8                can_sce_isr
                0x0000000008002df8                tim8_cc_isr
                0x0000000008002df8                tamper_isr
                0x0000000008002df8                eth_wkup_isr
                0x0000000008002df8                bus_fault_handler
                0x0000000008002df8                wwdg_isr
                0x0000000008002df8                dma1_channel3_isr
                0x0000000008002df8                spi3_isr
                0x0000000008002df8                tim2_isr
                0x0000000008002df8                exti0_isr
 .text.null_handler
                0x0000000008002dfe        0xc ./libopencm3/lib/cm3/vector.o
                0x0000000008002dfe                null_handler
                0x0000000008002dfe                sv_call_handler
                0x0000000008002dfe                pend_sv_handler
                0x0000000008002dfe                debug_monitor_handler
                0x0000000008002dfe                sys_tick_handler
                0x0000000008002dfe                nmi_handler
 *fill*         0x0000000008002e0a        0x2 
 .text.strcat   0x0000000008002e0c       0x40 /home/toolchain/gcc-arm-none-eabi-8-2019-q3-update/bin/../lib/gcc/arm-none-eabi/8.3.1/../../../../arm-none-eabi/lib/thumb/v7-m/nofp/libg.a(lib_a-strcat.o)
                0x0000000008002e0c                strcat
 .text.strcpy   0x0000000008002e4c       0xbc /home/toolchain/gcc-arm-none-eabi-8-2019-q3-update/bin/../lib/gcc/arm-none-eabi/8.3.1/../../../../arm-none-eabi/lib/thumb/v7-m/nofp/libg.a(lib_a-strcpy.o)
                0x0000000008002e4c                strcpy
 .text.strlen   0x0000000008002f08       0x5c /home/toolchain/gcc-arm-none-eabi-8-2019-q3-update/bin/../lib/gcc/arm-none-eabi/8.3.1/../../../../arm-none-eabi/lib/thumb/v7-m/nofp/libg.a(lib_a-strlen-stub.o)
                0x0000000008002f08                strlen
 *(.rodata .rodata.* .constdata .constdata.*)
 .rodata.dev    0x0000000008002f64       0x12 ./src/main.o
                0x0000000008002f64                dev
 *fill*         0x0000000008002f76        0x2 
 .rodata.dfu_function
                0x0000000008002f78        0x9 ./src/main.o
                0x0000000008002f78                dfu_function
 *fill*         0x0000000008002f81        0x3 
 .rodata        0x0000000008002f84       0x4c ./src/main.o
 .rodata.rcc_hse_configs
                0x0000000008002fd0       0x8c ./libopencm3/lib/stm32/f1/rcc.o
                0x0000000008002fd0                rcc_hse_configs
 .rodata        0x000000000800305c        0x8 ./libopencm3/lib/stm32/common/st_usbfs_core.o
 *(vtable)
 *(.eh_frame*)
 *(.glue_7)
 .glue_7        0x0000000008003064        0x0 linker stubs
 *(.glue_7t)
 .glue_7t       0x0000000008003064        0x0 linker stubs

.vfp11_veneer   0x0000000008003064        0x0
 .vfp11_veneer  0x0000000008003064        0x0 linker stubs

.v4_bx          0x0000000008003064        0x0
 .v4_bx         0x0000000008003064        0x0 linker stubs

.iplt           0x0000000008003064        0x0
 .iplt          0x0000000008003064        0x0 ./src/main.o

move_it_sect    0x0000000008003080      0x63c
 *(move_it_sect_first)
 move_it_sect_first
                0x0000000008003080      0x110 ./src/main.o
                0x0000000008003080                reset_handler
 *(move_it_sect)
 move_it_sect   0x0000000008003190      0x52c ./src/main.o
                0x0000000008003190                flash_check
                0x00000000080031ac                get_flash_size
                0x00000000080031d0                move_it
                0x0000000008003428                main

.rel.dyn        0x00000000080036bc        0x0
 .rel.iplt      0x00000000080036bc        0x0 ./src/main.o
 .rel.got       0x00000000080036bc        0x0 ./src/main.o

.ARM.extab
 *(.ARM.extab* .gnu.linkonce.armextab.*)
                0x00000000080036bc                . = ALIGN (0x4)
                0x00000000080036bc                __exidx_start = .

.ARM.exidx
 *(.ARM.exidx* .gnu.linkonce.armexidx.*)
                0x00000000080036bc                __exidx_end = .
                0x00000000080036bc                . = ALIGN (0x4)
                0x00000000080036bc                _etext = .
                0x00000000080036bc                __etext = .

.data_CCMRAM    0x0000000000000000        0x0 load address 0x00000000080036bc
 FILL mask 0xff
 *(.data.CCMRAM .data.CCMRAM.*)
                0x0000000000000000                . = ALIGN (0x4)
                0x00000000080036bc                _sidata = LOADADDR (.data)

.data           0x0000000020000000       0x48 load address 0x00000000080036bc
 FILL mask 0xff
                0x0000000020000000                _sdata = .
                0x0000000020000000                __data_start__ = .
                0x0000000020000000                _data = .
 *(.data_begin .data_begin.*)
 *(.data .data.*)
 .data.usbdfu_state
                0x0000000020000000        0x1 ./src/main.o
                0x0000000020000000                usbdfu_state
 *fill*         0x0000000020000001        0x3 ff
 .data.rel.iface
                0x0000000020000004       0x15 ./src/main.o
                0x0000000020000004                iface
 *fill*         0x0000000020000019        0x3 ff
 .data.rel.ifaces
                0x000000002000001c       0x10 ./src/main.o
                0x000000002000001c                ifaces
 .data.rel.config
                0x000000002000002c        0xd ./src/main.o
                0x000000002000002c                config
 *fill*         0x0000000020000039        0x3 ff
 .data.rcc_apb1_frequency
                0x000000002000003c        0x4 ./libopencm3/lib/stm32/f1/rcc.o
                0x000000002000003c                rcc_apb1_frequency
 .data.rcc_apb2_frequency
                0x0000000020000040        0x4 ./libopencm3/lib/stm32/f1/rcc.o
                0x0000000020000040                rcc_apb2_frequency
 .data.rcc_ahb_frequency
                0x0000000020000044        0x4 ./libopencm3/lib/stm32/f1/rcc.o
                0x0000000020000044                rcc_ahb_frequency
 *(.data_end .data_end.*)
                0x0000000020000048                . = ALIGN (0x4)
                0x0000000020000048                _edata = .
                0x0000000020000048                __data_end__ = .
                0x00000000080036bc                _data_loadaddr = LOADADDR (.data)

.igot.plt       0x0000000020000048        0x0 load address 0x0000000008003704
 .igot.plt      0x0000000020000048        0x0 ./src/main.o

.got            0x0000000020000048       0x90 load address 0x0000000008003704
 .got           0x0000000020000048       0x90 ./src/main.o

.got.plt        0x00000000200000d8        0xc load address 0x0000000008003794
 .got.plt       0x00000000200000d8        0xc ./src/main.o
                0x00000000200000d8                _GLOBAL_OFFSET_TABLE_

.bss_CCMRAM     0x0000000000000000        0x0
 *(.bss.CCMRAM .bss.CCMRAM.*)

.bss            0x00000000200000e4      0x9b8
                0x00000000200000e4                __bss_start__ = .
                0x00000000200000e4                _sbss = .
 *(.bss_begin .bss_begin.*)
 *(.bss .bss.*)
 .bss.usb_strings
                0x00000000200000e4       0x10 ./src/main.o
 .bss.usb_drv   0x00000000200000f4       0x34 ./src/main.o
                0x00000000200000f4                usb_drv
 *(COMMON)
 COMMON         0x0000000020000128      0x868 ./src/main.o
                0x0000000020000128                prog
                0x0000000020000534                serial_str
                0x0000000020000554                usbd_control_buffer
                0x0000000020000954                dfuse_str
 COMMON         0x0000000020000990      0x10c ./libopencm3/lib/stm32/common/st_usbfs_core.o
                0x0000000020000990                st_usbfs_force_nak
                0x0000000020000998                st_usbfs_dev
 *(.bss_end .bss_end.*)
                0x0000000020000a9c                . = ALIGN (0x4)
                0x0000000020000a9c                __bss_end__ = .
                0x0000000020000a9c                _ebss = .

.noinit_CCMRAM
 *(.noinit.CCMRAM .noinit.CCMRAM.*)

.noinit         0x0000000020000a9c        0x0
                0x0000000020000a9c                _noinit = .
 *(.noinit .noinit.*)
                0x0000000020000a9c                . = ALIGN (0x4)
                0x0000000020000a9c                _end_noinit = .
                [!provide]                        PROVIDE (end = _end_noinit)
                [!provide]                        PROVIDE (_end = _end_noinit)
                [!provide]                        PROVIDE (__end = _end_noinit)
                [!provide]                        PROVIDE (__end__ = _end_noinit)

._check_stack   0x0000000020000a9c      0x100
                0x0000000020000b9c                . = (. + _Minimum_Stack_Size)
 *fill*         0x0000000020000a9c      0x100 

.b1text
 *(.b1text)
 *(.b1rodata)
 *(.b1rodata.*)

.eb0text
 *(.eb0text)
 *(.eb0rodata)
 *(.eb0rodata.*)

.eb1text
 *(.eb1text)
 *(.eb1rodata)
 *(.eb1rodata.*)

.eb2text
 *(.eb2text)
 *(.eb2rodata)
 *(.eb2rodata.*)

.eb3text
 *(.eb3text)
 *(.eb3rodata)
 *(.eb3rodata.*)

.stab
 *(.stab)

.stabstr
 *(.stabstr)

.stab.excl
 *(.stab.excl)

.stab.exclstr
 *(.stab.exclstr)

.stab.index
 *(.stab.index)

.stab.indexstr
 *(.stab.indexstr)

.comment        0x0000000000000000       0x76
 *(.comment)
 .comment       0x0000000000000000       0x76 ./src/main.o
                                         0x77 (size before relaxing)
 .comment       0x0000000000000076       0x77 ./libopencm3/lib/usb/usb.o
 .comment       0x0000000000000076       0x77 ./libopencm3/lib/usb/usb_control.o
 .comment       0x0000000000000076       0x77 ./libopencm3/lib/usb/usb_standard.o
 .comment       0x0000000000000076       0x77 ./libopencm3/lib/stm32/f1/flash.o
 .comment       0x0000000000000076       0x77 ./libopencm3/lib/stm32/f1/gpio.o
 .comment       0x0000000000000076       0x77 ./libopencm3/lib/stm32/f1/rcc.o
 .comment       0x0000000000000076       0x77 ./libopencm3/lib/stm32/common/desig_common_v1.o
 .comment       0x0000000000000076       0x77 ./libopencm3/lib/stm32/common/flash_common_all.o
 .comment       0x0000000000000076       0x77 ./libopencm3/lib/stm32/common/flash_common_f.o
 .comment       0x0000000000000076       0x77 ./libopencm3/lib/stm32/common/flash_common_f01.o
 .comment       0x0000000000000076       0x77 ./libopencm3/lib/stm32/common/gpio_common_all.o
 .comment       0x0000000000000076       0x77 ./libopencm3/lib/stm32/common/rcc_common_all.o
 .comment       0x0000000000000076       0x77 ./libopencm3/lib/stm32/common/st_usbfs_core.o
 .comment       0x0000000000000076       0x77 ./libopencm3/lib/stm32/st_usbfs_v1.o
 .comment       0x0000000000000076       0x77 ./libopencm3/lib/cm3/scb.o
 .comment       0x0000000000000076       0x77 ./libopencm3/lib/cm3/vector.o

.ARM.attributes
                0x0000000000000000       0x2b
 .ARM.attributes
                0x0000000000000000       0x2d ./src/main.o
 .ARM.attributes
                0x000000000000002d       0x2d ./libopencm3/lib/usb/usb.o
 .ARM.attributes
                0x000000000000005a       0x2d ./libopencm3/lib/usb/usb_control.o
 .ARM.attributes
                0x0000000000000087       0x2d ./libopencm3/lib/usb/usb_standard.o
 .ARM.attributes
                0x00000000000000b4       0x2d ./libopencm3/lib/stm32/f1/flash.o
 .ARM.attributes
                0x00000000000000e1       0x2d ./libopencm3/lib/stm32/f1/gpio.o
 .ARM.attributes
                0x000000000000010e       0x2d ./libopencm3/lib/stm32/f1/rcc.o
 .ARM.attributes
                0x000000000000013b       0x2d ./libopencm3/lib/stm32/common/desig_common_v1.o
 .ARM.attributes
                0x0000000000000168       0x2d ./libopencm3/lib/stm32/common/flash_common_all.o
 .ARM.attributes
                0x0000000000000195       0x2d ./libopencm3/lib/stm32/common/flash_common_f.o
 .ARM.attributes
                0x00000000000001c2       0x2d ./libopencm3/lib/stm32/common/flash_common_f01.o
 .ARM.attributes
                0x00000000000001ef       0x2d ./libopencm3/lib/stm32/common/gpio_common_all.o
 .ARM.attributes
                0x000000000000021c       0x2d ./libopencm3/lib/stm32/common/rcc_common_all.o
 .ARM.attributes
                0x0000000000000249       0x2d ./libopencm3/lib/stm32/common/st_usbfs_core.o
 .ARM.attributes
                0x0000000000000276       0x2d ./libopencm3/lib/stm32/st_usbfs_v1.o
 .ARM.attributes
                0x00000000000002a3       0x2d ./libopencm3/lib/cm3/scb.o
 .ARM.attributes
                0x00000000000002d0       0x2d ./libopencm3/lib/cm3/vector.o
 .ARM.attributes
                0x00000000000002fd       0x1b /home/toolchain/gcc-arm-none-eabi-8-2019-q3-update/bin/../lib/gcc/arm-none-eabi/8.3.1/../../../../arm-none-eabi/lib/thumb/v7-m/nofp/libg.a(lib_a-memcpy.o)
 .ARM.attributes
                0x0000000000000318       0x2d /home/toolchain/gcc-arm-none-eabi-8-2019-q3-update/bin/../lib/gcc/arm-none-eabi/8.3.1/../../../../arm-none-eabi/lib/thumb/v7-m/nofp/libg.a(lib_a-strcat.o)
 .ARM.attributes
                0x0000000000000345       0x2d /home/toolchain/gcc-arm-none-eabi-8-2019-q3-update/bin/../lib/gcc/arm-none-eabi/8.3.1/../../../../arm-none-eabi/lib/thumb/v7-m/nofp/libg.a(lib_a-strcpy.o)
 .ARM.attributes
                0x0000000000000372       0x2d /home/toolchain/gcc-arm-none-eabi-8-2019-q3-update/bin/../lib/gcc/arm-none-eabi/8.3.1/../../../../arm-none-eabi/lib/thumb/v7-m/nofp/libg.a(lib_a-strlen-stub.o)

.debug
 *(.debug)

.line
 *(.line)

.debug_srcinfo
 *(.debug_srcinfo)

.debug_sfnames
 *(.debug_sfnames)

.debug_aranges  0x0000000000000000      0x710
 *(.debug_aranges)
 .debug_aranges
                0x0000000000000000       0x90 ./src/main.o
 .debug_aranges
                0x0000000000000090       0x90 ./libopencm3/lib/usb/usb.o
 .debug_aranges
                0x0000000000000120       0x70 ./libopencm3/lib/usb/usb_control.o
 .debug_aranges
                0x0000000000000190       0xb8 ./libopencm3/lib/usb/usb_standard.o
 .debug_aranges
                0x0000000000000248       0x78 ./libopencm3/lib/stm32/f1/flash.o
 .debug_aranges
                0x00000000000002c0       0x38 ./libopencm3/lib/stm32/f1/gpio.o
 .debug_aranges
                0x00000000000002f8      0x170 ./libopencm3/lib/stm32/f1/rcc.o
 .debug_aranges
                0x0000000000000468       0x28 ./libopencm3/lib/stm32/common/desig_common_v1.o
 .debug_aranges
                0x0000000000000490       0x38 ./libopencm3/lib/stm32/common/flash_common_all.o
 .debug_aranges
                0x00000000000004c8       0x30 ./libopencm3/lib/stm32/common/flash_common_f.o
 .debug_aranges
                0x00000000000004f8       0x48 ./libopencm3/lib/stm32/common/flash_common_f01.o
 .debug_aranges
                0x0000000000000540       0x50 ./libopencm3/lib/stm32/common/gpio_common_all.o
 .debug_aranges
                0x0000000000000590       0x80 ./libopencm3/lib/stm32/common/rcc_common_all.o
 .debug_aranges
                0x0000000000000610       0x68 ./libopencm3/lib/stm32/common/st_usbfs_core.o
 .debug_aranges
                0x0000000000000678       0x30 ./libopencm3/lib/stm32/st_usbfs_v1.o
 .debug_aranges
                0x00000000000006a8       0x30 ./libopencm3/lib/cm3/scb.o
 .debug_aranges
                0x00000000000006d8       0x38 ./libopencm3/lib/cm3/vector.o

.debug_pubnames
 *(.debug_pubnames)

.debug_info     0x0000000000000000     0xae49
 *(.debug_info .gnu.linkonce.wi.*)
 .debug_info    0x0000000000000000     0x1fae ./src/main.o
 .debug_info    0x0000000000001fae     0x1712 ./libopencm3/lib/usb/usb.o
 .debug_info    0x00000000000036c0     0x15b6 ./libopencm3/lib/usb/usb_control.o
 .debug_info    0x0000000000004c76     0x1b93 ./libopencm3/lib/usb/usb_standard.o
 .debug_info    0x0000000000006809      0x1c8 ./libopencm3/lib/stm32/f1/flash.o
 .debug_info    0x00000000000069d1      0x1ef ./libopencm3/lib/stm32/f1/gpio.o
 .debug_info    0x0000000000006bc0      0x8bc ./libopencm3/lib/stm32/f1/rcc.o
 .debug_info    0x000000000000747c       0xe2 ./libopencm3/lib/stm32/common/desig_common_v1.o
 .debug_info    0x000000000000755e       0xf2 ./libopencm3/lib/stm32/common/flash_common_all.o
 .debug_info    0x0000000000007650       0xbe ./libopencm3/lib/stm32/common/flash_common_f.o
 .debug_info    0x000000000000770e      0x152 ./libopencm3/lib/stm32/common/flash_common_f01.o
 .debug_info    0x0000000000007860      0x226 ./libopencm3/lib/stm32/common/gpio_common_all.o
 .debug_info    0x0000000000007a86      0x79f ./libopencm3/lib/stm32/common/rcc_common_all.o
 .debug_info    0x0000000000008225     0x10cf ./libopencm3/lib/stm32/common/st_usbfs_core.o
 .debug_info    0x00000000000092f4      0xf0c ./libopencm3/lib/stm32/st_usbfs_v1.o
 .debug_info    0x000000000000a200      0x987 ./libopencm3/lib/cm3/scb.o
 .debug_info    0x000000000000ab87      0x2c2 ./libopencm3/lib/cm3/vector.o

.debug_abbrev   0x0000000000000000     0x1ec7
 *(.debug_abbrev)
 .debug_abbrev  0x0000000000000000      0x4a5 ./src/main.o
 .debug_abbrev  0x00000000000004a5      0x2e1 ./libopencm3/lib/usb/usb.o
 .debug_abbrev  0x0000000000000786      0x37e ./libopencm3/lib/usb/usb_control.o
 .debug_abbrev  0x0000000000000b04      0x3ce ./libopencm3/lib/usb/usb_standard.o
 .debug_abbrev  0x0000000000000ed2       0xe6 ./libopencm3/lib/stm32/f1/flash.o
 .debug_abbrev  0x0000000000000fb8       0xb6 ./libopencm3/lib/stm32/f1/gpio.o
 .debug_abbrev  0x000000000000106e      0x212 ./libopencm3/lib/stm32/f1/rcc.o
 .debug_abbrev  0x0000000000001280       0x8e ./libopencm3/lib/stm32/common/desig_common_v1.o
 .debug_abbrev  0x000000000000130e       0x94 ./libopencm3/lib/stm32/common/flash_common_all.o
 .debug_abbrev  0x00000000000013a2       0x56 ./libopencm3/lib/stm32/common/flash_common_f.o
 .debug_abbrev  0x00000000000013f8       0x9d ./libopencm3/lib/stm32/common/flash_common_f01.o
 .debug_abbrev  0x0000000000001495       0xd0 ./libopencm3/lib/stm32/common/gpio_common_all.o
 .debug_abbrev  0x0000000000001565      0x148 ./libopencm3/lib/stm32/common/rcc_common_all.o
 .debug_abbrev  0x00000000000016ad      0x2ac ./libopencm3/lib/stm32/common/st_usbfs_core.o
 .debug_abbrev  0x0000000000001959      0x244 ./libopencm3/lib/stm32/st_usbfs_v1.o
 .debug_abbrev  0x0000000000001b9d      0x202 ./libopencm3/lib/cm3/scb.o
 .debug_abbrev  0x0000000000001d9f      0x128 ./libopencm3/lib/cm3/vector.o

.debug_line     0x0000000000000000     0x67d9
 *(.debug_line)
 .debug_line    0x0000000000000000      0xb51 ./src/main.o
 .debug_line    0x0000000000000b51      0x572 ./libopencm3/lib/usb/usb.o
 .debug_line    0x00000000000010c3      0x68e ./libopencm3/lib/usb/usb_control.o
 .debug_line    0x0000000000001751      0xa93 ./libopencm3/lib/usb/usb_standard.o
 .debug_line    0x00000000000021e4      0x59f ./libopencm3/lib/stm32/f1/flash.o
 .debug_line    0x0000000000002783      0x4e6 ./libopencm3/lib/stm32/f1/gpio.o
 .debug_line    0x0000000000002c69      0xc12 ./libopencm3/lib/stm32/f1/rcc.o
 .debug_line    0x000000000000387b      0x375 ./libopencm3/lib/stm32/common/desig_common_v1.o
 .debug_line    0x0000000000003bf0      0x43d ./libopencm3/lib/stm32/common/flash_common_all.o
 .debug_line    0x000000000000402d      0x419 ./libopencm3/lib/stm32/common/flash_common_f.o
 .debug_line    0x0000000000004446      0x4a8 ./libopencm3/lib/stm32/common/flash_common_f01.o
 .debug_line    0x00000000000048ee      0x493 ./libopencm3/lib/stm32/common/gpio_common_all.o
 .debug_line    0x0000000000004d81      0x553 ./libopencm3/lib/stm32/common/rcc_common_all.o
 .debug_line    0x00000000000052d4      0x7bf ./libopencm3/lib/stm32/common/st_usbfs_core.o
 .debug_line    0x0000000000005a93      0x56f ./libopencm3/lib/stm32/st_usbfs_v1.o
 .debug_line    0x0000000000006002      0x34e ./libopencm3/lib/cm3/scb.o
 .debug_line    0x0000000000006350      0x489 ./libopencm3/lib/cm3/vector.o

.debug_frame    0x0000000000000000     0x1bac
 *(.debug_frame)
 .debug_frame   0x0000000000000000      0x254 ./src/main.o
 .debug_frame   0x0000000000000254      0x26c ./libopencm3/lib/usb/usb.o
 .debug_frame   0x00000000000004c0      0x1cc ./libopencm3/lib/usb/usb_control.o
 .debug_frame   0x000000000000068c      0x33c ./libopencm3/lib/usb/usb_standard.o
 .debug_frame   0x00000000000009c8      0x19c ./libopencm3/lib/stm32/f1/flash.o
 .debug_frame   0x0000000000000b64       0xb0 ./libopencm3/lib/stm32/f1/gpio.o
 .debug_frame   0x0000000000000c14      0x648 ./libopencm3/lib/stm32/f1/rcc.o
 .debug_frame   0x000000000000125c       0x5c ./libopencm3/lib/stm32/common/desig_common_v1.o
 .debug_frame   0x00000000000012b8       0xa4 ./libopencm3/lib/stm32/common/flash_common_all.o
 .debug_frame   0x000000000000135c       0x7c ./libopencm3/lib/stm32/common/flash_common_f.o
 .debug_frame   0x00000000000013d8       0xe0 ./libopencm3/lib/stm32/common/flash_common_f01.o
 .debug_frame   0x00000000000014b8      0x128 ./libopencm3/lib/stm32/common/gpio_common_all.o
 .debug_frame   0x00000000000015e0      0x218 ./libopencm3/lib/stm32/common/rcc_common_all.o
 .debug_frame   0x00000000000017f8      0x1c4 ./libopencm3/lib/stm32/common/st_usbfs_core.o
 .debug_frame   0x00000000000019bc       0x7c ./libopencm3/lib/stm32/st_usbfs_v1.o
 .debug_frame   0x0000000000001a38       0x70 ./libopencm3/lib/cm3/scb.o
 .debug_frame   0x0000000000001aa8       0x9c ./libopencm3/lib/cm3/vector.o
 .debug_frame   0x0000000000001b44       0x28 /home/toolchain/gcc-arm-none-eabi-8-2019-q3-update/bin/../lib/gcc/arm-none-eabi/8.3.1/../../../../arm-none-eabi/lib/thumb/v7-m/nofp/libg.a(lib_a-strcat.o)
 .debug_frame   0x0000000000001b6c       0x20 /home/toolchain/gcc-arm-none-eabi-8-2019-q3-update/bin/../lib/gcc/arm-none-eabi/8.3.1/../../../../arm-none-eabi/lib/thumb/v7-m/nofp/libg.a(lib_a-strcpy.o)
 .debug_frame   0x0000000000001b8c       0x20 /home/toolchain/gcc-arm-none-eabi-8-2019-q3-update/bin/../lib/gcc/arm-none-eabi/8.3.1/../../../../arm-none-eabi/lib/thumb/v7-m/nofp/libg.a(lib_a-strlen-stub.o)

.debug_str      0x0000000000000000    0x147cb
 *(.debug_str)
 .debug_str     0x0000000000000000    0x11f3d ./src/main.o
                                      0x1238d (size before relaxing)
 .debug_str     0x0000000000011f3d      0x1bb ./libopencm3/lib/usb/usb.o
                                       0x80a3 (size before relaxing)
 .debug_str     0x00000000000120f8      0x205 ./libopencm3/lib/usb/usb_control.o
                                       0x809f (size before relaxing)
 .debug_str     0x00000000000122fd      0x2e9 ./libopencm3/lib/usb/usb_standard.o
                                       0x81b8 (size before relaxing)
 .debug_str     0x00000000000125e6      0x15e ./libopencm3/lib/stm32/f1/flash.o
                                       0x5729 (size before relaxing)
 .debug_str     0x0000000000012744       0xa2 ./libopencm3/lib/stm32/f1/gpio.o
                                       0x86fd (size before relaxing)
 .debug_str     0x00000000000127e6      0x55a ./libopencm3/lib/stm32/f1/rcc.o
                                       0x8333 (size before relaxing)
 .debug_str     0x0000000000012d40       0x5a ./libopencm3/lib/stm32/common/desig_common_v1.o
                                       0x4e76 (size before relaxing)
 .debug_str     0x0000000000012d9a       0x86 ./libopencm3/lib/stm32/common/flash_common_all.o
                                       0x5630 (size before relaxing)
 .debug_str     0x0000000000012e20       0x5d ./libopencm3/lib/stm32/common/flash_common_f.o
                                       0x5601 (size before relaxing)
 .debug_str     0x0000000000012e7d       0xc8 ./libopencm3/lib/stm32/common/flash_common_f01.o
                                       0x568d (size before relaxing)
 .debug_str     0x0000000000012f45       0x8f ./libopencm3/lib/stm32/common/gpio_common_all.o
                                       0x86eb (size before relaxing)
 .debug_str     0x0000000000012fd4      0x3a6 ./libopencm3/lib/stm32/common/rcc_common_all.o
                                       0x7b62 (size before relaxing)
 .debug_str     0x000000000001337a      0x12e ./libopencm3/lib/stm32/common/st_usbfs_core.o
                                       0x9c29 (size before relaxing)
 .debug_str     0x00000000000134a8       0x6b ./libopencm3/lib/stm32/st_usbfs_v1.o
                                       0x9d2b (size before relaxing)
 .debug_str     0x0000000000013513       0x5f ./libopencm3/lib/cm3/scb.o
                                       0x840d (size before relaxing)
 .debug_str     0x0000000000013572     0x1259 ./libopencm3/lib/cm3/vector.o
                                       0x671f (size before relaxing)

.debug_loc
 *(.debug_loc)

.debug_macinfo
 *(.debug_macinfo)

.debug_weaknames
 *(.debug_weaknames)

.debug_funcnames
 *(.debug_funcnames)

.debug_typenames
 *(.debug_typenames)

.debug_varnames
 *(.debug_varnames)
                0x0000000008003704                __fgot_begin = LOADADDR (.got)
                0x0000000008003794                __fgot_end = (__fgot_begin + SIZEOF (.got))
                0x0000000020000048                __rgot_begin = ADDR (.got)
                0x00000000200000d8                __rgot_end = (__rgot_begin + SIZEOF (.got))
                0x0000000020000000                __ram_start = ORIGIN (RAM)
OUTPUT(stm32f1_dfu.elf elf32-littlearm)

.debug_ranges   0x0000000000000000      0x600
 .debug_ranges  0x0000000000000000       0x80 ./src/main.o
 .debug_ranges  0x0000000000000080       0x80 ./libopencm3/lib/usb/usb.o
 .debug_ranges  0x0000000000000100       0x60 ./libopencm3/lib/usb/usb_control.o
 .debug_ranges  0x0000000000000160       0xa8 ./libopencm3/lib/usb/usb_standard.o
 .debug_ranges  0x0000000000000208       0x68 ./libopencm3/lib/stm32/f1/flash.o
 .debug_ranges  0x0000000000000270       0x28 ./libopencm3/lib/stm32/f1/gpio.o
 .debug_ranges  0x0000000000000298      0x160 ./libopencm3/lib/stm32/f1/rcc.o
 .debug_ranges  0x00000000000003f8       0x18 ./libopencm3/lib/stm32/common/desig_common_v1.o
 .debug_ranges  0x0000000000000410       0x28 ./libopencm3/lib/stm32/common/flash_common_all.o
 .debug_ranges  0x0000000000000438       0x20 ./libopencm3/lib/stm32/common/flash_common_f.o
 .debug_ranges  0x0000000000000458       0x38 ./libopencm3/lib/stm32/common/flash_common_f01.o
 .debug_ranges  0x0000000000000490       0x40 ./libopencm3/lib/stm32/common/gpio_common_all.o
 .debug_ranges  0x00000000000004d0       0x70 ./libopencm3/lib/stm32/common/rcc_common_all.o
 .debug_ranges  0x0000000000000540       0x58 ./libopencm3/lib/stm32/common/st_usbfs_core.o
 .debug_ranges  0x0000000000000598       0x20 ./libopencm3/lib/stm32/st_usbfs_v1.o
 .debug_ranges  0x00000000000005b8       0x20 ./libopencm3/lib/cm3/scb.o
 .debug_ranges  0x00000000000005d8       0x28 ./libopencm3/lib/cm3/vector.o

.debug_macro    0x0000000000000000     0x5719
 .debug_macro   0x0000000000000000      0x237 ./src/main.o
 .debug_macro   0x0000000000000237      0xa8a ./src/main.o
 .debug_macro   0x0000000000000cc1       0x22 ./src/main.o
 .debug_macro   0x0000000000000ce3       0x58 ./src/main.o
 .debug_macro   0x0000000000000d3b       0x18 ./src/main.o
 .debug_macro   0x0000000000000d53       0x94 ./src/main.o
 .debug_macro   0x0000000000000de7       0x35 ./src/main.o
 .debug_macro   0x0000000000000e1c       0x34 ./src/main.o
 .debug_macro   0x0000000000000e50      0x174 ./src/main.o
 .debug_macro   0x0000000000000fc4       0x16 ./src/main.o
 .debug_macro   0x0000000000000fda       0x43 ./src/main.o
 .debug_macro   0x000000000000101d       0x57 ./src/main.o
 .debug_macro   0x0000000000001074       0x34 ./src/main.o
 .debug_macro   0x00000000000010a8       0x10 ./src/main.o
 .debug_macro   0x00000000000010b8       0x58 ./src/main.o
 .debug_macro   0x0000000000001110      0x182 ./src/main.o
 .debug_macro   0x0000000000001292      0x339 ./src/main.o
 .debug_macro   0x00000000000015cb       0x10 ./src/main.o
 .debug_macro   0x00000000000015db       0x35 ./src/main.o
 .debug_macro   0x0000000000001610       0x1c ./src/main.o
 .debug_macro   0x000000000000162c      0x103 ./src/main.o
 .debug_macro   0x000000000000172f       0x6a ./src/main.o
 .debug_macro   0x0000000000001799      0x1df ./src/main.o
 .debug_macro   0x0000000000001978       0x22 ./src/main.o
 .debug_macro   0x000000000000199a       0xe8 ./src/main.o
 .debug_macro   0x0000000000001a82       0x76 ./src/main.o
 .debug_macro   0x0000000000001af8      0x1b4 ./src/main.o
 .debug_macro   0x0000000000001cac      0x8c6 ./src/main.o
 .debug_macro   0x0000000000002572       0x76 ./src/main.o
 .debug_macro   0x00000000000025e8      0xe2e ./src/main.o
 .debug_macro   0x0000000000003416       0xee ./src/main.o
 .debug_macro   0x0000000000003504       0x82 ./src/main.o
 .debug_macro   0x0000000000003586      0x39b ./src/main.o
 .debug_macro   0x0000000000003921      0x1a2 ./src/main.o
 .debug_macro   0x0000000000003ac3       0x10 ./src/main.o
 .debug_macro   0x0000000000003ad3       0x2e ./src/main.o
 .debug_macro   0x0000000000003b01       0x1c ./src/main.o
 .debug_macro   0x0000000000003b1d       0x3a ./src/main.o
 .debug_macro   0x0000000000003b57      0x298 ./src/main.o
 .debug_macro   0x0000000000003def       0x28 ./src/main.o
 .debug_macro   0x0000000000003e17      0x15a ./libopencm3/lib/usb/usb.o
 .debug_macro   0x0000000000003f71      0x19c ./libopencm3/lib/usb/usb.o
 .debug_macro   0x000000000000410d      0x15d ./libopencm3/lib/usb/usb_control.o
 .debug_macro   0x000000000000426a       0x16 ./libopencm3/lib/usb/usb_control.o
 .debug_macro   0x0000000000004280      0x10e ./libopencm3/lib/usb/usb_control.o
 .debug_macro   0x000000000000438e       0x8d ./libopencm3/lib/usb/usb_control.o
 .debug_macro   0x000000000000441b       0x16 ./libopencm3/lib/usb/usb_control.o
 .debug_macro   0x0000000000004431       0x29 ./libopencm3/lib/usb/usb_control.o
 .debug_macro   0x000000000000445a      0x15a ./libopencm3/lib/usb/usb_standard.o
 .debug_macro   0x00000000000045b4       0xca ./libopencm3/lib/stm32/f1/flash.o
 .debug_macro   0x000000000000467e       0xb8 ./libopencm3/lib/stm32/f1/gpio.o
 .debug_macro   0x0000000000004736       0xe7 ./libopencm3/lib/stm32/f1/rcc.o
 .debug_macro   0x000000000000481d       0x16 ./libopencm3/lib/stm32/f1/rcc.o
 .debug_macro   0x0000000000004833       0xa6 ./libopencm3/lib/stm32/common/desig_common_v1.o
 .debug_macro   0x00000000000048d9       0xc0 ./libopencm3/lib/stm32/common/flash_common_all.o
 .debug_macro   0x0000000000004999       0xc0 ./libopencm3/lib/stm32/common/flash_common_f.o
 .debug_macro   0x0000000000004a59       0xc0 ./libopencm3/lib/stm32/common/flash_common_f01.o
 .debug_macro   0x0000000000004b19       0xb8 ./libopencm3/lib/stm32/common/gpio_common_all.o
 .debug_macro   0x0000000000004bd1       0xce ./libopencm3/lib/stm32/common/rcc_common_all.o
 .debug_macro   0x0000000000004c9f      0x10d ./libopencm3/lib/stm32/common/st_usbfs_core.o
 .debug_macro   0x0000000000004dac      0x29e ./libopencm3/lib/stm32/common/st_usbfs_core.o
 .debug_macro   0x000000000000504a       0x10 ./libopencm3/lib/stm32/common/st_usbfs_core.o
 .debug_macro   0x000000000000505a      0x10d ./libopencm3/lib/stm32/st_usbfs_v1.o
 .debug_macro   0x0000000000005167      0x14e ./libopencm3/lib/cm3/scb.o
 .debug_macro   0x00000000000052b5      0x395 ./libopencm3/lib/cm3/scb.o
 .debug_macro   0x000000000000564a       0xcf ./libopencm3/lib/cm3/vector.o

Cross Reference Table

Symbol                                            File
RxBD                                              ./libopencm3/lib/ethernet/mac_stm32fxx7.o
TxBD                                              ./libopencm3/lib/ethernet/mac_stm32fxx7.o
_GLOBAL_OFFSET_TABLE_                             ./src/main.o
__dmb                                             ./libopencm3/lib/cm3/sync.o
__fgot_begin                                      ./src/main.o
__fini_array_end                                  ./libopencm3/lib/cm3/vector.o
__fini_array_start                                ./libopencm3/lib/cm3/vector.o
__init_array_end                                  ./libopencm3/lib/cm3/vector.o
__init_array_start                                ./libopencm3/lib/cm3/vector.o
__ldrex                                           ./libopencm3/lib/cm3/sync.o
__preinit_array_end                               ./libopencm3/lib/cm3/vector.o
__preinit_array_start                             ./libopencm3/lib/cm3/vector.o
__ram_start                                       ./src/main.o
__rgot_begin                                      ./src/main.o
__rgot_end                                        ./src/main.o
__strex                                           ./libopencm3/lib/cm3/sync.o
_data                                             ./libopencm3/lib/cm3/vector.o
                                                  ./src/main.o
_data_loadaddr                                    ./libopencm3/lib/cm3/vector.o
                                                  ./src/main.o
_ebss                                             ./libopencm3/lib/cm3/vector.o
_edata                                            ./libopencm3/lib/cm3/vector.o
                                                  ./src/main.o
_estack                                           ./src/main.o
_etext                                            ./src/main.o
_stack                                            ./libopencm3/lib/cm3/vector.o
_usbd_control_in                                  ./libopencm3/lib/usb/usb_control.o
                                                  ./libopencm3/lib/usb/usb.o
_usbd_control_out                                 ./libopencm3/lib/usb/usb_control.o
                                                  ./libopencm3/lib/usb/usb.o
_usbd_control_setup                               ./libopencm3/lib/usb/usb_control.o
                                                  ./libopencm3/lib/usb/usb.o
_usbd_reset                                       ./libopencm3/lib/usb/usb.o
                                                  ./libopencm3/lib/stm32/common/st_usbfs_core.o
                                                  ./libopencm3/lib/usb/usb_dwc_common.o
_usbd_standard_request                            ./libopencm3/lib/usb/usb_standard.o
                                                  ./libopencm3/lib/usb/usb_control.o
_usbd_standard_request_device                     ./libopencm3/lib/usb/usb_standard.o
_usbd_standard_request_endpoint                   ./libopencm3/lib/usb/usb_standard.o
_usbd_standard_request_interface                  ./libopencm3/lib/usb/usb_standard.o
adc1_2_isr                                        ./libopencm3/lib/cm3/vector.o
adc3_isr                                          ./libopencm3/lib/cm3/vector.o
adc_calibrate                                     ./libopencm3/lib/stm32/f1/adc.o
adc_calibrate_async                               ./libopencm3/lib/stm32/f1/adc.o
adc_calibration                                   ./libopencm3/lib/stm32/f1/adc.o
adc_clear_flag                                    ./libopencm3/lib/stm32/common/adc_common_v1.o
adc_disable_analog_watchdog_injected              ./libopencm3/lib/stm32/common/adc_common_v1.o
adc_disable_analog_watchdog_regular               ./libopencm3/lib/stm32/common/adc_common_v1.o
adc_disable_automatic_injected_group_conversion   ./libopencm3/lib/stm32/common/adc_common_v1.o
adc_disable_awd_interrupt                         ./libopencm3/lib/stm32/common/adc_common_v1.o
adc_disable_discontinuous_mode_injected           ./libopencm3/lib/stm32/common/adc_common_v1.o
adc_disable_discontinuous_mode_regular            ./libopencm3/lib/stm32/common/adc_common_v1.o
adc_disable_dma                                   ./libopencm3/lib/stm32/common/adc_common_v1.o
adc_disable_eoc_interrupt                         ./libopencm3/lib/stm32/common/adc_common_v1.o
adc_disable_eoc_interrupt_injected                ./libopencm3/lib/stm32/common/adc_common_v1.o
adc_disable_external_trigger_injected             ./libopencm3/lib/stm32/f1/adc.o
                                                  ./libopencm3/lib/stm32/common/adc_common_v1.o
adc_disable_external_trigger_regular              ./libopencm3/lib/stm32/f1/adc.o
adc_disable_scan_mode                             ./libopencm3/lib/stm32/common/adc_common_v1.o
adc_disable_temperature_sensor                    ./libopencm3/lib/stm32/f1/adc.o
adc_enable_analog_watchdog_injected               ./libopencm3/lib/stm32/common/adc_common_v1.o
adc_enable_analog_watchdog_on_all_channels        ./libopencm3/lib/stm32/common/adc_common_v1.o
adc_enable_analog_watchdog_on_selected_channel    ./libopencm3/lib/stm32/common/adc_common_v1.o
adc_enable_analog_watchdog_regular                ./libopencm3/lib/stm32/common/adc_common_v1.o
adc_enable_automatic_injected_group_conversion    ./libopencm3/lib/stm32/common/adc_common_v1.o
adc_enable_awd_interrupt                          ./libopencm3/lib/stm32/common/adc_common_v1.o
adc_enable_discontinuous_mode_injected            ./libopencm3/lib/stm32/common/adc_common_v1.o
adc_enable_discontinuous_mode_regular             ./libopencm3/lib/stm32/common/adc_common_v1.o
adc_enable_dma                                    ./libopencm3/lib/stm32/common/adc_common_v1.o
adc_enable_eoc_interrupt                          ./libopencm3/lib/stm32/common/adc_common_v1.o
adc_enable_eoc_interrupt_injected                 ./libopencm3/lib/stm32/common/adc_common_v1.o
adc_enable_external_trigger_injected              ./libopencm3/lib/stm32/f1/adc.o
adc_enable_external_trigger_regular               ./libopencm3/lib/stm32/f1/adc.o
adc_enable_scan_mode                              ./libopencm3/lib/stm32/common/adc_common_v1.o
adc_enable_temperature_sensor                     ./libopencm3/lib/stm32/f1/adc.o
adc_eoc                                           ./libopencm3/lib/stm32/common/adc_common_v1.o
adc_eoc_injected                                  ./libopencm3/lib/stm32/common/adc_common_v1.o
adc_get_flag                                      ./libopencm3/lib/stm32/common/adc_common_v1.o
adc_is_calibrating                                ./libopencm3/lib/stm32/f1/adc.o
adc_power_off                                     ./libopencm3/lib/stm32/common/adc_common_v1.o
adc_power_on                                      ./libopencm3/lib/stm32/f1/adc.o
adc_read_injected                                 ./libopencm3/lib/stm32/common/adc_common_v1.o
adc_read_regular                                  ./libopencm3/lib/stm32/common/adc_common_v1.o
adc_reset_calibration                             ./libopencm3/lib/stm32/f1/adc.o
adc_set_continuous_conversion_mode                ./libopencm3/lib/stm32/common/adc_common_v1.o
adc_set_dual_mode                                 ./libopencm3/lib/stm32/f1/adc.o
adc_set_injected_offset                           ./libopencm3/lib/stm32/common/adc_common_v1.o
adc_set_injected_sequence                         ./libopencm3/lib/stm32/common/adc_common_v1.o
adc_set_left_aligned                              ./libopencm3/lib/stm32/common/adc_common_v1.o
adc_set_regular_sequence                          ./libopencm3/lib/stm32/common/adc_common_v1.o
adc_set_right_aligned                             ./libopencm3/lib/stm32/common/adc_common_v1.o
adc_set_sample_time                               ./libopencm3/lib/stm32/f1/adc.o
adc_set_sample_time_on_all_channels               ./libopencm3/lib/stm32/f1/adc.o
adc_set_single_conversion_mode                    ./libopencm3/lib/stm32/common/adc_common_v1.o
adc_set_watchdog_high_threshold                   ./libopencm3/lib/stm32/common/adc_common_v1.o
adc_set_watchdog_low_threshold                    ./libopencm3/lib/stm32/common/adc_common_v1.o
adc_start_conversion_direct                       ./libopencm3/lib/stm32/f1/adc.o
adc_start_conversion_injected                     ./libopencm3/lib/stm32/common/adc_common_v1.o
adc_start_conversion_regular                      ./libopencm3/lib/stm32/common/adc_common_v1.o
blocking_handler                                  ./libopencm3/lib/cm3/vector.o
bus_fault_handler                                 ./libopencm3/lib/cm3/vector.o
can2_rx0_isr                                      ./libopencm3/lib/cm3/vector.o
can2_rx1_isr                                      ./libopencm3/lib/cm3/vector.o
can2_sce_isr                                      ./libopencm3/lib/cm3/vector.o
can2_tx_isr                                       ./libopencm3/lib/cm3/vector.o
can_available_mailbox                             ./libopencm3/lib/stm32/can.o
can_disable_irq                                   ./libopencm3/lib/stm32/can.o
can_enable_irq                                    ./libopencm3/lib/stm32/can.o
can_fifo_release                                  ./libopencm3/lib/stm32/can.o
can_filter_id_list_16bit_init                     ./libopencm3/lib/stm32/can.o
can_filter_id_list_32bit_init                     ./libopencm3/lib/stm32/can.o
can_filter_id_mask_16bit_init                     ./libopencm3/lib/stm32/can.o
can_filter_id_mask_32bit_init                     ./libopencm3/lib/stm32/can.o
can_filter_init                                   ./libopencm3/lib/stm32/can.o
can_init                                          ./libopencm3/lib/stm32/can.o
can_receive                                       ./libopencm3/lib/stm32/can.o
can_reset                                         ./libopencm3/lib/stm32/can.o
can_rx1_isr                                       ./libopencm3/lib/cm3/vector.o
can_sce_isr                                       ./libopencm3/lib/cm3/vector.o
can_transmit                                      ./libopencm3/lib/stm32/can.o
cm3_assert_failed                                 ./libopencm3/lib/cm3/assert.o
                                                  ./libopencm3/lib/stm32/f1/rcc.o
cm3_assert_failed_verbose                         ./libopencm3/lib/cm3/assert.o
config                                            ./src/main.o
crc_calculate                                     ./libopencm3/lib/stm32/common/crc_common_all.o
crc_calculate_block                               ./libopencm3/lib/stm32/common/crc_common_all.o
crc_reset                                         ./libopencm3/lib/stm32/common/crc_common_all.o
dac_buffer_disable                                ./libopencm3/lib/stm32/common/dac_common_v1.o
dac_buffer_enable                                 ./libopencm3/lib/stm32/common/dac_common_v1.o
dac_disable                                       ./libopencm3/lib/stm32/common/dac_common_all.o
dac_disable_waveform_generation                   ./libopencm3/lib/stm32/common/dac_common_all.o
dac_dma_disable                                   ./libopencm3/lib/stm32/common/dac_common_all.o
dac_dma_enable                                    ./libopencm3/lib/stm32/common/dac_common_all.o
dac_enable                                        ./libopencm3/lib/stm32/common/dac_common_all.o
dac_load_data_buffer_dual                         ./libopencm3/lib/stm32/common/dac_common_all.o
dac_load_data_buffer_single                       ./libopencm3/lib/stm32/common/dac_common_all.o
dac_set_trigger_source                            ./libopencm3/lib/stm32/common/dac_common_all.o
dac_set_waveform_characteristics                  ./libopencm3/lib/stm32/common/dac_common_all.o
dac_set_waveform_generation                       ./libopencm3/lib/stm32/common/dac_common_all.o
dac_software_trigger                              ./libopencm3/lib/stm32/common/dac_common_all.o
dac_trigger_disable                               ./libopencm3/lib/stm32/common/dac_common_all.o
dac_trigger_enable                                ./libopencm3/lib/stm32/common/dac_common_all.o
debug_monitor_handler                             ./libopencm3/lib/cm3/vector.o
desig_get_flash_size                              ./libopencm3/lib/stm32/common/desig_common_v1.o
                                                  ./libopencm3/lib/stm32/f1/flash.o
desig_get_unique_id                               ./libopencm3/lib/stm32/common/desig_common_v1.o
                                                  ./libopencm3/lib/stm32/common/desig_common_all.o
desig_get_unique_id_as_dfu                        ./libopencm3/lib/stm32/common/desig_common_all.o
desig_get_unique_id_as_string                     ./libopencm3/lib/stm32/common/desig_common_all.o
dev                                               ./src/main.o
dfu_function                                      ./src/main.o
dfuse_str                                         ./src/main.o
diff                                              ./src/main.o
dma1_channel1_isr                                 ./libopencm3/lib/cm3/vector.o
dma1_channel2_isr                                 ./libopencm3/lib/cm3/vector.o
dma1_channel3_isr                                 ./libopencm3/lib/cm3/vector.o
dma1_channel4_isr                                 ./libopencm3/lib/cm3/vector.o
dma1_channel5_isr                                 ./libopencm3/lib/cm3/vector.o
dma1_channel6_isr                                 ./libopencm3/lib/cm3/vector.o
dma1_channel7_isr                                 ./libopencm3/lib/cm3/vector.o
dma2_channel1_isr                                 ./libopencm3/lib/cm3/vector.o
dma2_channel2_isr                                 ./libopencm3/lib/cm3/vector.o
dma2_channel3_isr                                 ./libopencm3/lib/cm3/vector.o
dma2_channel4_5_isr                               ./libopencm3/lib/cm3/vector.o
dma2_channel5_isr                                 ./libopencm3/lib/cm3/vector.o
dma_channel_reset                                 ./libopencm3/lib/stm32/common/dma_common_l1f013.o
dma_clear_interrupt_flags                         ./libopencm3/lib/stm32/common/dma_common_l1f013.o
dma_disable_channel                               ./libopencm3/lib/stm32/common/dma_common_l1f013.o
dma_disable_half_transfer_interrupt               ./libopencm3/lib/stm32/common/dma_common_l1f013.o
dma_disable_memory_increment_mode                 ./libopencm3/lib/stm32/common/dma_common_l1f013.o
dma_disable_peripheral_increment_mode             ./libopencm3/lib/stm32/common/dma_common_l1f013.o
dma_disable_transfer_complete_interrupt           ./libopencm3/lib/stm32/common/dma_common_l1f013.o
dma_disable_transfer_error_interrupt              ./libopencm3/lib/stm32/common/dma_common_l1f013.o
dma_enable_channel                                ./libopencm3/lib/stm32/common/dma_common_l1f013.o
dma_enable_circular_mode                          ./libopencm3/lib/stm32/common/dma_common_l1f013.o
dma_enable_half_transfer_interrupt                ./libopencm3/lib/stm32/common/dma_common_l1f013.o
dma_enable_mem2mem_mode                           ./libopencm3/lib/stm32/common/dma_common_l1f013.o
dma_enable_memory_increment_mode                  ./libopencm3/lib/stm32/common/dma_common_l1f013.o
dma_enable_peripheral_increment_mode              ./libopencm3/lib/stm32/common/dma_common_l1f013.o
dma_enable_transfer_complete_interrupt            ./libopencm3/lib/stm32/common/dma_common_l1f013.o
dma_enable_transfer_error_interrupt               ./libopencm3/lib/stm32/common/dma_common_l1f013.o
dma_get_interrupt_flag                            ./libopencm3/lib/stm32/common/dma_common_l1f013.o
dma_get_number_of_data                            ./libopencm3/lib/stm32/common/dma_common_l1f013.o
dma_set_memory_address                            ./libopencm3/lib/stm32/common/dma_common_l1f013.o
dma_set_memory_size                               ./libopencm3/lib/stm32/common/dma_common_l1f013.o
dma_set_number_of_data                            ./libopencm3/lib/stm32/common/dma_common_l1f013.o
dma_set_peripheral_address                        ./libopencm3/lib/stm32/common/dma_common_l1f013.o
dma_set_peripheral_size                           ./libopencm3/lib/stm32/common/dma_common_l1f013.o
dma_set_priority                                  ./libopencm3/lib/stm32/common/dma_common_l1f013.o
dma_set_read_from_memory                          ./libopencm3/lib/stm32/common/dma_common_l1f013.o
dma_set_read_from_peripheral                      ./libopencm3/lib/stm32/common/dma_common_l1f013.o
dwc_disconnect                                    ./libopencm3/lib/usb/usb_dwc_common.o
                                                  ./libopencm3/lib/usb/usb_f107.o
dwc_endpoints_reset                               ./libopencm3/lib/usb/usb_dwc_common.o
                                                  ./libopencm3/lib/usb/usb_f107.o
dwc_ep_nak_set                                    ./libopencm3/lib/usb/usb_dwc_common.o
                                                  ./libopencm3/lib/usb/usb_f107.o
dwc_ep_read_packet                                ./libopencm3/lib/usb/usb_dwc_common.o
                                                  ./libopencm3/lib/usb/usb_f107.o
dwc_ep_setup                                      ./libopencm3/lib/usb/usb_dwc_common.o
                                                  ./libopencm3/lib/usb/usb_f107.o
dwc_ep_stall_get                                  ./libopencm3/lib/usb/usb_dwc_common.o
                                                  ./libopencm3/lib/usb/usb_f107.o
dwc_ep_stall_set                                  ./libopencm3/lib/usb/usb_dwc_common.o
                                                  ./libopencm3/lib/usb/usb_f107.o
dwc_ep_write_packet                               ./libopencm3/lib/usb/usb_dwc_common.o
                                                  ./libopencm3/lib/usb/usb_f107.o
dwc_poll                                          ./libopencm3/lib/usb/usb_dwc_common.o
                                                  ./libopencm3/lib/usb/usb_f107.o
dwc_set_address                                   ./libopencm3/lib/usb/usb_dwc_common.o
                                                  ./libopencm3/lib/usb/usb_f107.o
dwt_enable_cycle_counter                          ./libopencm3/lib/cm3/dwt.o
dwt_read_cycle_counter                            ./libopencm3/lib/cm3/dwt.o
eth_desc_init                                     ./libopencm3/lib/ethernet/mac_stm32fxx7.o
eth_enable_checksum_offload                       ./libopencm3/lib/ethernet/mac_stm32fxx7.o
eth_init                                          ./libopencm3/lib/ethernet/mac_stm32fxx7.o
eth_irq_ack_pending                               ./libopencm3/lib/ethernet/mac_stm32fxx7.o
eth_irq_disable                                   ./libopencm3/lib/ethernet/mac_stm32fxx7.o
eth_irq_enable                                    ./libopencm3/lib/ethernet/mac_stm32fxx7.o
eth_irq_is_pending                                ./libopencm3/lib/ethernet/mac_stm32fxx7.o
eth_isr                                           ./libopencm3/lib/cm3/vector.o
eth_rx                                            ./libopencm3/lib/ethernet/mac_stm32fxx7.o
eth_set_mac                                       ./libopencm3/lib/ethernet/mac_stm32fxx7.o
eth_smi_bit_clear                                 ./libopencm3/lib/ethernet/mac_stm32fxx7.o
eth_smi_bit_op                                    ./libopencm3/lib/ethernet/mac_stm32fxx7.o
                                                  ./libopencm3/lib/ethernet/phy_ksz80x1.o
eth_smi_bit_set                                   ./libopencm3/lib/ethernet/mac_stm32fxx7.o
                                                  ./libopencm3/lib/ethernet/phy_ksz80x1.o
eth_smi_read                                      ./libopencm3/lib/ethernet/mac_stm32fxx7.o
                                                  ./libopencm3/lib/ethernet/phy_ksz80x1.o
                                                  ./libopencm3/lib/ethernet/phy.o
eth_smi_write                                     ./libopencm3/lib/ethernet/mac_stm32fxx7.o
                                                  ./libopencm3/lib/ethernet/phy.o
eth_start                                         ./libopencm3/lib/ethernet/mac_stm32fxx7.o
eth_tx                                            ./libopencm3/lib/ethernet/mac_stm32fxx7.o
eth_wkup_isr                                      ./libopencm3/lib/cm3/vector.o
exti0_isr                                         ./libopencm3/lib/cm3/vector.o
exti15_10_isr                                     ./libopencm3/lib/cm3/vector.o
exti1_isr                                         ./libopencm3/lib/cm3/vector.o
exti2_isr                                         ./libopencm3/lib/cm3/vector.o
exti3_isr                                         ./libopencm3/lib/cm3/vector.o
exti4_isr                                         ./libopencm3/lib/cm3/vector.o
exti9_5_isr                                       ./libopencm3/lib/cm3/vector.o
exti_disable_request                              ./libopencm3/lib/stm32/common/exti_common_all.o
exti_enable_request                               ./libopencm3/lib/stm32/common/exti_common_all.o
exti_get_flag_status                              ./libopencm3/lib/stm32/common/exti_common_all.o
exti_reset_request                                ./libopencm3/lib/stm32/common/exti_common_all.o
exti_select_source                                ./libopencm3/lib/stm32/common/exti_common_all.o
exti_set_trigger                                  ./libopencm3/lib/stm32/common/exti_common_all.o
flash_check                                       ./src/main.o
flash_clear_eop_flag                              ./libopencm3/lib/stm32/common/flash_common_f.o
                                                  ./libopencm3/lib/stm32/f1/flash.o
flash_clear_eop_flag_upper                        ./libopencm3/lib/stm32/f1/flash.o
flash_clear_pgerr_flag                            ./libopencm3/lib/stm32/common/flash_common_f01.o
                                                  ./libopencm3/lib/stm32/f1/flash.o
flash_clear_pgerr_flag_upper                      ./libopencm3/lib/stm32/f1/flash.o
flash_clear_status_flags                          ./libopencm3/lib/stm32/f1/flash.o
flash_clear_wrprterr_flag                         ./libopencm3/lib/stm32/common/flash_common_f01.o
                                                  ./libopencm3/lib/stm32/f1/flash.o
flash_clear_wrprterr_flag_upper                   ./libopencm3/lib/stm32/f1/flash.o
flash_dcache_disable                              ./libopencm3/lib/stm32/common/flash_common_idcache.o
flash_dcache_enable                               ./libopencm3/lib/stm32/common/flash_common_idcache.o
flash_dcache_reset                                ./libopencm3/lib/stm32/common/flash_common_idcache.o
flash_erase_all_pages                             ./libopencm3/lib/stm32/f1/flash.o
flash_erase_option_bytes                          ./libopencm3/lib/stm32/common/flash_common_f01.o
flash_erase_page                                  ./libopencm3/lib/stm32/f1/flash.o
                                                  ./src/main.o
flash_get_status_flags                            ./libopencm3/lib/stm32/f1/flash.o
                                                  ./libopencm3/lib/stm32/common/flash_common_f01.o
                                                  ./src/main.o
flash_halfcycle_disable                           ./libopencm3/lib/stm32/f1/flash.o
flash_halfcycle_enable                            ./libopencm3/lib/stm32/f1/flash.o
flash_icache_disable                              ./libopencm3/lib/stm32/common/flash_common_idcache.o
flash_icache_enable                               ./libopencm3/lib/stm32/common/flash_common_idcache.o
flash_icache_reset                                ./libopencm3/lib/stm32/common/flash_common_idcache.o
flash_isr                                         ./libopencm3/lib/cm3/vector.o
flash_lock                                        ./libopencm3/lib/stm32/common/flash_common_f.o
                                                  ./src/main.o
flash_lock_upper                                  ./libopencm3/lib/stm32/f1/flash.o
flash_prefetch_disable                            ./libopencm3/lib/stm32/common/flash_common_all.o
flash_prefetch_enable                             ./libopencm3/lib/stm32/common/flash_common_all.o
flash_program_half_word                           ./libopencm3/lib/stm32/f1/flash.o
                                                  ./libopencm3/lib/stm32/common/flash_common_f01.o
                                                  ./src/main.o
flash_program_option_bytes                        ./libopencm3/lib/stm32/common/flash_common_f01.o
flash_program_word                                ./libopencm3/lib/stm32/common/flash_common_f01.o
                                                  ./src/main.o
flash_set_ws                                      ./libopencm3/lib/stm32/common/flash_common_all.o
                                                  ./libopencm3/lib/stm32/f1/rcc.o
flash_unlock                                      ./libopencm3/lib/stm32/common/flash_common_f.o
                                                  ./src/main.o
flash_unlock_option_bytes                         ./libopencm3/lib/stm32/common/flash_common_all.o
                                                  ./libopencm3/lib/stm32/common/flash_common_f01.o
flash_unlock_upper                                ./libopencm3/lib/stm32/f1/flash.o
flash_wait_for_last_operation                     ./libopencm3/lib/stm32/common/flash_common_f01.o
                                                  ./libopencm3/lib/stm32/f1/flash.o
fsmc_isr                                          ./libopencm3/lib/cm3/vector.o
gen_serial                                        ./src/main.o
get_flash_size                                    ./src/main.o
gpio_clear                                        ./libopencm3/lib/stm32/common/gpio_common_all.o
                                                  ./src/main.o
gpio_get                                          ./libopencm3/lib/stm32/common/gpio_common_all.o
gpio_port_config_lock                             ./libopencm3/lib/stm32/common/gpio_common_all.o
gpio_port_read                                    ./libopencm3/lib/stm32/common/gpio_common_all.o
gpio_port_write                                   ./libopencm3/lib/stm32/common/gpio_common_all.o
gpio_primary_remap                                ./libopencm3/lib/stm32/f1/gpio.o
gpio_secondary_remap                              ./libopencm3/lib/stm32/f1/gpio.o
gpio_set                                          ./libopencm3/lib/stm32/common/gpio_common_all.o
                                                  ./src/main.o
gpio_set_eventout                                 ./libopencm3/lib/stm32/f1/gpio.o
gpio_set_mode                                     ./libopencm3/lib/stm32/f1/gpio.o
                                                  ./src/main.o
gpio_toggle                                       ./libopencm3/lib/stm32/common/gpio_common_all.o
hard_fault_handler                                ./libopencm3/lib/cm3/vector.o
i2c1_er_isr                                       ./libopencm3/lib/cm3/vector.o
i2c1_ev_isr                                       ./libopencm3/lib/cm3/vector.o
i2c2_er_isr                                       ./libopencm3/lib/cm3/vector.o
i2c2_ev_isr                                       ./libopencm3/lib/cm3/vector.o
i2c_clear_dma_last_transfer                       ./libopencm3/lib/stm32/common/i2c_common_v1.o
i2c_clear_stop                                    ./libopencm3/lib/stm32/common/i2c_common_v1.o
i2c_disable_ack                                   ./libopencm3/lib/stm32/common/i2c_common_v1.o
i2c_disable_dma                                   ./libopencm3/lib/stm32/common/i2c_common_v1.o
i2c_disable_dual_addressing_mode                  ./libopencm3/lib/stm32/common/i2c_common_v1.o
i2c_disable_interrupt                             ./libopencm3/lib/stm32/common/i2c_common_v1.o
i2c_enable_ack                                    ./libopencm3/lib/stm32/common/i2c_common_v1.o
i2c_enable_dma                                    ./libopencm3/lib/stm32/common/i2c_common_v1.o
i2c_enable_dual_addressing_mode                   ./libopencm3/lib/stm32/common/i2c_common_v1.o
i2c_enable_interrupt                              ./libopencm3/lib/stm32/common/i2c_common_v1.o
i2c_get_data                                      ./libopencm3/lib/stm32/common/i2c_common_v1.o
i2c_nack_current                                  ./libopencm3/lib/stm32/common/i2c_common_v1.o
i2c_nack_next                                     ./libopencm3/lib/stm32/common/i2c_common_v1.o
i2c_peripheral_disable                            ./libopencm3/lib/stm32/common/i2c_common_v1.o
i2c_peripheral_enable                             ./libopencm3/lib/stm32/common/i2c_common_v1.o
i2c_reset                                         ./libopencm3/lib/stm32/common/i2c_common_v1.o
i2c_send_7bit_address                             ./libopencm3/lib/stm32/common/i2c_common_v1.o
i2c_send_data                                     ./libopencm3/lib/stm32/common/i2c_common_v1.o
i2c_send_start                                    ./libopencm3/lib/stm32/common/i2c_common_v1.o
i2c_send_stop                                     ./libopencm3/lib/stm32/common/i2c_common_v1.o
i2c_set_ccr                                       ./libopencm3/lib/stm32/common/i2c_common_v1.o
i2c_set_clock_frequency                           ./libopencm3/lib/stm32/common/i2c_common_v1.o
i2c_set_dma_last_transfer                         ./libopencm3/lib/stm32/common/i2c_common_v1.o
i2c_set_dutycycle                                 ./libopencm3/lib/stm32/common/i2c_common_v1.o
i2c_set_fast_mode                                 ./libopencm3/lib/stm32/common/i2c_common_v1.o
i2c_set_own_10bit_slave_address                   ./libopencm3/lib/stm32/common/i2c_common_v1.o
i2c_set_own_7bit_slave_address                    ./libopencm3/lib/stm32/common/i2c_common_v1.o
i2c_set_own_7bit_slave_address_two                ./libopencm3/lib/stm32/common/i2c_common_v1.o
i2c_set_speed                                     ./libopencm3/lib/stm32/common/i2c_common_v1.o
i2c_set_standard_mode                             ./libopencm3/lib/stm32/common/i2c_common_v1.o
i2c_set_trise                                     ./libopencm3/lib/stm32/common/i2c_common_v1.o
i2c_transfer7                                     ./libopencm3/lib/stm32/common/i2c_common_v1.o
iface                                             ./src/main.o
ifaces                                            ./src/main.o
iwdg_prescaler_busy                               ./libopencm3/lib/stm32/common/iwdg_common_all.o
iwdg_reload_busy                                  ./libopencm3/lib/stm32/common/iwdg_common_all.o
iwdg_reset                                        ./libopencm3/lib/stm32/common/iwdg_common_all.o
iwdg_set_period_ms                                ./libopencm3/lib/stm32/common/iwdg_common_all.o
iwdg_start                                        ./libopencm3/lib/stm32/common/iwdg_common_all.o
main                                              ./src/main.o
                                                  ./libopencm3/lib/cm3/vector.o
mem_manage_handler                                ./libopencm3/lib/cm3/vector.o
memcpy                                            /home/toolchain/gcc-arm-none-eabi-8-2019-q3-update/bin/../lib/gcc/arm-none-eabi/8.3.1/../../../../arm-none-eabi/lib/thumb/v7-m/nofp/libg.a(lib_a-memcpy.o)
                                                  ./libopencm3/lib/ethernet/mac_stm32fxx7.o
                                                  ./libopencm3/lib/usb/usb_standard.o
                                                  ./libopencm3/lib/usb/usb_msc.o
                                                  ./libopencm3/lib/usb/usb_dwc_common.o
                                                  ./src/main.o
memset                                            /home/toolchain/gcc-arm-none-eabi-8-2019-q3-update/bin/../lib/gcc/arm-none-eabi/8.3.1/../../../../arm-none-eabi/lib/thumb/v7-m/nofp/libg.a(lib_a-memset.o)
                                                  ./libopencm3/lib/ethernet/mac_stm32fxx7.o
                                                  ./libopencm3/lib/usb/usb_msc.o
move_it                                           ./src/main.o
mutex_lock                                        ./libopencm3/lib/cm3/sync.o
mutex_trylock                                     ./libopencm3/lib/cm3/sync.o
mutex_unlock                                      ./libopencm3/lib/cm3/sync.o
nibble2str                                        ./src/main.o
nmi_handler                                       ./libopencm3/lib/cm3/vector.o
null_handler                                      ./libopencm3/lib/cm3/vector.o
num2str                                           ./src/main.o
nvic_clear_pending_irq                            ./libopencm3/lib/cm3/nvic.o
nvic_disable_irq                                  ./libopencm3/lib/cm3/nvic.o
nvic_enable_irq                                   ./libopencm3/lib/cm3/nvic.o
nvic_generate_software_interrupt                  ./libopencm3/lib/cm3/nvic.o
nvic_get_active_irq                               ./libopencm3/lib/cm3/nvic.o
nvic_get_irq_enabled                              ./libopencm3/lib/cm3/nvic.o
nvic_get_pending_irq                              ./libopencm3/lib/cm3/nvic.o
nvic_set_pending_irq                              ./libopencm3/lib/cm3/nvic.o
nvic_set_priority                                 ./libopencm3/lib/cm3/nvic.o
otg_fs_isr                                        ./libopencm3/lib/cm3/vector.o
pend_sv_handler                                   ./libopencm3/lib/cm3/vector.o
phy_autoneg_enable                                ./libopencm3/lib/ethernet/phy_ksz80x1.o
phy_autoneg_force                                 ./libopencm3/lib/ethernet/phy_ksz80x1.o
phy_link_isup                                     ./libopencm3/lib/ethernet/phy.o
phy_link_status                                   ./libopencm3/lib/ethernet/phy_ksz80x1.o
phy_reset                                         ./libopencm3/lib/ethernet/phy.o
                                                  ./libopencm3/lib/ethernet/mac_stm32fxx7.o
prog                                              ./src/main.o
pvd_isr                                           ./libopencm3/lib/cm3/vector.o
pwr_clear_standby_flag                            ./libopencm3/lib/stm32/common/pwr_common_v1.o
pwr_clear_wakeup_flag                             ./libopencm3/lib/stm32/common/pwr_common_v1.o
pwr_disable_backup_domain_write_protect           ./libopencm3/lib/stm32/common/pwr_common_v1.o
                                                  ./libopencm3/lib/stm32/f1/rtc.o
pwr_disable_power_voltage_detect                  ./libopencm3/lib/stm32/common/pwr_common_v1.o
pwr_disable_wakeup_pin                            ./libopencm3/lib/stm32/common/pwr_common_v1.o
pwr_enable_backup_domain_write_protect            ./libopencm3/lib/stm32/common/pwr_common_v1.o
pwr_enable_power_voltage_detect                   ./libopencm3/lib/stm32/common/pwr_common_v1.o
pwr_enable_wakeup_pin                             ./libopencm3/lib/stm32/common/pwr_common_v1.o
pwr_get_standby_flag                              ./libopencm3/lib/stm32/common/pwr_common_v1.o
pwr_get_wakeup_flag                               ./libopencm3/lib/stm32/common/pwr_common_v1.o
pwr_set_standby_mode                              ./libopencm3/lib/stm32/common/pwr_common_v1.o
pwr_set_stop_mode                                 ./libopencm3/lib/stm32/common/pwr_common_v1.o
pwr_voltage_high                                  ./libopencm3/lib/stm32/common/pwr_common_v1.o
pwr_voltage_regulator_low_power_in_stop           ./libopencm3/lib/stm32/common/pwr_common_v1.o
pwr_voltage_regulator_on_in_stop                  ./libopencm3/lib/stm32/common/pwr_common_v1.o
rcc_ahb_frequency                                 ./libopencm3/lib/stm32/f1/rcc.o
rcc_apb1_frequency                                ./libopencm3/lib/stm32/f1/rcc.o
                                                  ./libopencm3/lib/stm32/common/usart_common_all.o
rcc_apb2_frequency                                ./libopencm3/lib/stm32/f1/rcc.o
                                                  ./libopencm3/lib/stm32/common/usart_common_all.o
rcc_backupdomain_reset                            ./libopencm3/lib/stm32/f1/rcc.o
rcc_clock_setup_in_hse_12mhz_out_72mhz            ./libopencm3/lib/stm32/f1/rcc.o
rcc_clock_setup_in_hse_16mhz_out_72mhz            ./libopencm3/lib/stm32/f1/rcc.o